2025_06_13 12_26_18 : エクセル処理に失敗しました)([Errno 2] No such file or directory: 'CAS_newlist.xlsx')
2025_06_13 12_32_44 : 検索結果がありません - 131-11-3
2025_06_13 12_34_11 : 検索結果がありません - 131-11-3
2025_06_13 12_49_25 : No search results - 131-11-3
2025_06_13 12_51_44 : Search timeout - 131-11-3
2025_06_13 12_51_59 : Search timeout - 84-66-2
2025_06_13 12_52_13 : Search timeout - 84-74-2
2025_06_13 12_52_27 : Search timeout - 117-81-7
2025_06_13 12_52_41 : Search timeout - 28553-12-0
2025_06_13 12_52_55 : Search timeout - 26761-40-0
2025_06_13 12_53_10 : Search timeout - 85507-79-5
2025_06_13 12_53_24 : Search timeout - 27253-26-5
2025_06_13 12_53_42 : Search timeout - 85-68-7
2025_06_13 12_53_56 : Search timeout - 84-61-7
2025_06_13 12_54_11 : Search timeout - 137-89-3
2025_06_13 12_54_25 : Search timeout - 6422-86-2
2025_06_13 12_54_39 : Search timeout - 103-23-1
2025_06_13 12_54_53 : Search timeout - 33703-08-01
2025_06_13 12_55_07 : Search timeout - 27178-16-1
2025_06_13 12_55_22 : Search timeout - 103-23-1
2025_06_13 12_55_36 : Search timeout - 141-17-3
2025_06_13 12_55_51 : Search timeout - 141-18-4
2025_06_13 12_56_25 : Search timeout - 103-24-2
2025_06_13 12_56_44 : No search results - 131-11-3
2025_06_13 12_56_45 : No search results - 84-66-2
2025_06_13 12_56_45 : No search results - 84-74-2
2025_06_13 12_56_46 : No search results - 117-81-7
2025_06_13 12_56_46 : No search results - 28553-12-0
2025_06_13 12_56_46 : No search results - 26761-40-0
2025_06_13 12_56_47 : No search results - 85507-79-5
2025_06_13 12_56_47 : No search results - 27253-26-5
2025_06_13 12_56_48 : No search results - 85-68-7
2025_06_13 12_56_49 : No search results - 84-61-7
2025_06_13 12_56_49 : No search results - 137-89-3
2025_06_13 12_56_50 : No search results - 6422-86-2
2025_06_13 12_56_50 : No search results - 103-23-1
2025_06_13 12_56_51 : No search results - 33703-08-01
2025_06_13 12_56_51 : No search results - 27178-16-1
2025_06_13 12_56_52 : No search results - 103-23-1
2025_06_13 12_56_52 : No search results - 141-17-3
2025_06_13 12_56_52 : No search results - 141-18-4
2025_06_13 12_56_53 : No search results - 103-24-2
2025_06_13 12_56_53 : No search results - 109-43-3
2025_06_13 12_56_54 : No search results - 122-62-3
2025_06_13 12_56_54 : No search results - 105-76
2025_06_13 12_56_54 : No search results - 142-16-5
2025_06_13 12_56_55 : No search results - 105-75-9
2025_06_13 12_56_58 : No search results - 1330-78-5
2025_06_13 12_56_59 : No search results - 78-40-0
2025_06_13 12_56_59 : No search results - 126-73-8
2025_06_13 12_57_00 : No search results - 78-42-2
2025_06_13 12_57_00 : No search results - 78-51-3
2025_06_13 12_57_00 : No search results - 115-86-6
2025_06_13 12_57_01 : No search results - 26444-49-5
2025_06_13 12_57_01 : No search results - 77-89-4
2025_06_13 12_57_02 : No search results - 77-90-7
2025_06_13 13_07_13 : CAS input fields not found in 'menu' frame for CAS 131-11-3
2025_06_13 13_07_25 : CAS input fields not found in 'menu' frame for CAS 84-66-2
2025_06_13 13_07_35 : CAS input fields not found in 'menu' frame for CAS 84-74-2
2025_06_13 13_07_46 : CAS input fields not found in 'menu' frame for CAS 117-81-7
2025_06_13 13_07_57 : CAS input fields not found in 'menu' frame for CAS 28553-12-0
2025_06_13 13_08_08 : CAS input fields not found in 'menu' frame for CAS 26761-40-0
2025_06_13 13_08_39 : CAS input fields not found in 'menu' frame for CAS 85507-79-5
2025_06_13 13_08_50 : CAS input fields not found in 'menu' frame for CAS 27253-26-5
2025_06_13 13_09_01 : CAS input fields not found in 'menu' frame for CAS 85-68-7
2025_06_13 13_09_12 : CAS input fields not found in 'menu' frame for CAS 84-61-7
2025_06_13 13_09_23 : CAS input fields not found in 'menu' frame for CAS 137-89-3
2025_06_13 13_09_34 : CAS input fields not found in 'menu' frame for CAS 6422-86-2
2025_06_13 13_10_05 : CAS input fields not found in 'menu' frame for CAS 103-23-1
2025_06_13 13_10_16 : CAS input fields not found in 'menu' frame for CAS 33703-08-01
2025_06_13 13_10_27 : CAS input fields not found in 'menu' frame for CAS 27178-16-1
2025_06_13 13_10_38 : CAS input fields not found in 'menu' frame for CAS 103-23-1
2025_06_13 13_10_49 : CAS input fields not found in 'menu' frame for CAS 141-17-3
2025_06_13 13_11_00 : CAS input fields not found in 'menu' frame for CAS 141-18-4
2025_06_13 13_13_39 : 検索結果がありません - 131-11-3
2025_06_13 13_19_19 : 検索結果がありません - 131-11-3
2025_06_13 13_24_31 : No search results - 131-11-3
2025_06_13 13_36_31 : No search results - 131-11-3
2025_06_13 13_37_50 : No search results - 131-11-3
2025_06_13 13_37_51 : Error processing 131-11-3: Message: invalid session id
Stacktrace:
	GetHandleVerifier [0x0x7ff6a2a4fe75+79173]
	GetHandleVerifier [0x0x7ff6a2a4fed0+79264]
	(No symbol) [0x0x7ff6a2809c8c]
	(No symbol) [0x0x7ff6a28505ef]
	(No symbol) [0x0x7ff6a2888832]
	(No symbol) [0x0x7ff6a2883233]
	(No symbol) [0x0x7ff6a28822f9]
	(No symbol) [0x0x7ff6a27d5fc5]
	GetHandleVerifier [0x0x7ff6a2d1a2ad+3004797]
	GetHandleVerifier [0x0x7ff6a2d146fd+2981325]
	GetHandleVerifier [0x0x7ff6a2d33350+3107360]
	GetHandleVerifier [0x0x7ff6a2a6a9fe+188622]
	GetHandleVerifier [0x0x7ff6a2a7228f+219487]
	(No symbol) [0x0x7ff6a27d5036]
	GetHandleVerifier [0x0x7ff6a2e33c48+4158232]
	BaseThreadInitThunk [0x0x7ff8341ce8d7+23]
	RtlUserThreadStart [0x0x7ff83567c34c+44]

2025_06_13 13_37_51 : No search results - 84-66-2
2025_06_13 13_37_51 : Error processing 84-66-2: Message: invalid session id
Stacktrace:
	GetHandleVerifier [0x0x7ff6a2a4fe75+79173]
	GetHandleVerifier [0x0x7ff6a2a4fed0+79264]
	(No symbol) [0x0x7ff6a2809c8c]
	(No symbol) [0x0x7ff6a28505ef]
	(No symbol) [0x0x7ff6a2888832]
	(No symbol) [0x0x7ff6a2883233]
	(No symbol) [0x0x7ff6a28822f9]
	(No symbol) [0x0x7ff6a27d5fc5]
	GetHandleVerifier [0x0x7ff6a2d1a2ad+3004797]
	GetHandleVerifier [0x0x7ff6a2d146fd+2981325]
	GetHandleVerifier [0x0x7ff6a2d33350+3107360]
	GetHandleVerifier [0x0x7ff6a2a6a9fe+188622]
	GetHandleVerifier [0x0x7ff6a2a7228f+219487]
	(No symbol) [0x0x7ff6a27d5036]
	GetHandleVerifier [0x0x7ff6a2e33c48+4158232]
	BaseThreadInitThunk [0x0x7ff8341ce8d7+23]
	RtlUserThreadStart [0x0x7ff83567c34c+44]

2025_06_13 13_37_51 : No search results - 84-74-2
2025_06_13 13_37_51 : Error processing 84-74-2: Message: invalid session id
Stacktrace:
	GetHandleVerifier [0x0x7ff6a2a4fe75+79173]
	GetHandleVerifier [0x0x7ff6a2a4fed0+79264]
	(No symbol) [0x0x7ff6a2809c8c]
	(No symbol) [0x0x7ff6a28505ef]
	(No symbol) [0x0x7ff6a2888832]
	(No symbol) [0x0x7ff6a2883233]
	(No symbol) [0x0x7ff6a28822f9]
	(No symbol) [0x0x7ff6a27d5fc5]
	GetHandleVerifier [0x0x7ff6a2d1a2ad+3004797]
	GetHandleVerifier [0x0x7ff6a2d146fd+2981325]
	GetHandleVerifier [0x0x7ff6a2d33350+3107360]
	GetHandleVerifier [0x0x7ff6a2a6a9fe+188622]
	GetHandleVerifier [0x0x7ff6a2a7228f+219487]
	(No symbol) [0x0x7ff6a27d5036]
	GetHandleVerifier [0x0x7ff6a2e33c48+4158232]
	BaseThreadInitThunk [0x0x7ff8341ce8d7+23]
	RtlUserThreadStart [0x0x7ff83567c34c+44]

2025_06_13 13_37_51 : No search results - 117-81-7
2025_06_13 13_37_51 : Error processing 117-81-7: Message: invalid session id
Stacktrace:
	GetHandleVerifier [0x0x7ff6a2a4fe75+79173]
	GetHandleVerifier [0x0x7ff6a2a4fed0+79264]
	(No symbol) [0x0x7ff6a2809c8c]
	(No symbol) [0x0x7ff6a28505ef]
	(No symbol) [0x0x7ff6a2888832]
	(No symbol) [0x0x7ff6a2883233]
	(No symbol) [0x0x7ff6a28822f9]
	(No symbol) [0x0x7ff6a27d5fc5]
	GetHandleVerifier [0x0x7ff6a2d1a2ad+3004797]
	GetHandleVerifier [0x0x7ff6a2d146fd+2981325]
	GetHandleVerifier [0x0x7ff6a2d33350+3107360]
	GetHandleVerifier [0x0x7ff6a2a6a9fe+188622]
	GetHandleVerifier [0x0x7ff6a2a7228f+219487]
	(No symbol) [0x0x7ff6a27d5036]
	GetHandleVerifier [0x0x7ff6a2e33c48+4158232]
	BaseThreadInitThunk [0x0x7ff8341ce8d7+23]
	RtlUserThreadStart [0x0x7ff83567c34c+44]

2025_06_13 13_37_51 : No search results - 28553-12-0
2025_06_13 13_37_51 : Error processing 28553-12-0: Message: invalid session id
Stacktrace:
	GetHandleVerifier [0x0x7ff6a2a4fe75+79173]
	GetHandleVerifier [0x0x7ff6a2a4fed0+79264]
	(No symbol) [0x0x7ff6a2809c8c]
	(No symbol) [0x0x7ff6a28505ef]
	(No symbol) [0x0x7ff6a2888832]
	(No symbol) [0x0x7ff6a2883233]
	(No symbol) [0x0x7ff6a28822f9]
	(No symbol) [0x0x7ff6a27d5fc5]
	GetHandleVerifier [0x0x7ff6a2d1a2ad+3004797]
	GetHandleVerifier [0x0x7ff6a2d146fd+2981325]
	GetHandleVerifier [0x0x7ff6a2d33350+3107360]
	GetHandleVerifier [0x0x7ff6a2a6a9fe+188622]
	GetHandleVerifier [0x0x7ff6a2a7228f+219487]
	(No symbol) [0x0x7ff6a27d5036]
	GetHandleVerifier [0x0x7ff6a2e33c48+4158232]
	BaseThreadInitThunk [0x0x7ff8341ce8d7+23]
	RtlUserThreadStart [0x0x7ff83567c34c+44]

2025_06_13 13_37_51 : No search results - 26761-40-0
2025_06_13 13_37_51 : Error processing 26761-40-0: Message: invalid session id
Stacktrace:
	GetHandleVerifier [0x0x7ff6a2a4fe75+79173]
	GetHandleVerifier [0x0x7ff6a2a4fed0+79264]
	(No symbol) [0x0x7ff6a2809c8c]
	(No symbol) [0x0x7ff6a28505ef]
	(No symbol) [0x0x7ff6a2888832]
	(No symbol) [0x0x7ff6a2883233]
	(No symbol) [0x0x7ff6a28822f9]
	(No symbol) [0x0x7ff6a27d5fc5]
	GetHandleVerifier [0x0x7ff6a2d1a2ad+3004797]
	GetHandleVerifier [0x0x7ff6a2d146fd+2981325]
	GetHandleVerifier [0x0x7ff6a2d33350+3107360]
	GetHandleVerifier [0x0x7ff6a2a6a9fe+188622]
	GetHandleVerifier [0x0x7ff6a2a7228f+219487]
	(No symbol) [0x0x7ff6a27d5036]
	GetHandleVerifier [0x0x7ff6a2e33c48+4158232]
	BaseThreadInitThunk [0x0x7ff8341ce8d7+23]
	RtlUserThreadStart [0x0x7ff83567c34c+44]

2025_06_13 13_37_51 : No search results - 85507-79-5
2025_06_13 13_37_51 : Error processing 85507-79-5: Message: invalid session id
Stacktrace:
	GetHandleVerifier [0x0x7ff6a2a4fe75+79173]
	GetHandleVerifier [0x0x7ff6a2a4fed0+79264]
	(No symbol) [0x0x7ff6a2809c8c]
	(No symbol) [0x0x7ff6a28505ef]
	(No symbol) [0x0x7ff6a2888832]
	(No symbol) [0x0x7ff6a2883233]
	(No symbol) [0x0x7ff6a28822f9]
	(No symbol) [0x0x7ff6a27d5fc5]
	GetHandleVerifier [0x0x7ff6a2d1a2ad+3004797]
	GetHandleVerifier [0x0x7ff6a2d146fd+2981325]
	GetHandleVerifier [0x0x7ff6a2d33350+3107360]
	GetHandleVerifier [0x0x7ff6a2a6a9fe+188622]
	GetHandleVerifier [0x0x7ff6a2a7228f+219487]
	(No symbol) [0x0x7ff6a27d5036]
	GetHandleVerifier [0x0x7ff6a2e33c48+4158232]
	BaseThreadInitThunk [0x0x7ff8341ce8d7+23]
	RtlUserThreadStart [0x0x7ff83567c34c+44]

2025_06_13 13_37_51 : No search results - 27253-26-5
2025_06_13 13_37_51 : Error processing 27253-26-5: Message: invalid session id
Stacktrace:
	GetHandleVerifier [0x0x7ff6a2a4fe75+79173]
	GetHandleVerifier [0x0x7ff6a2a4fed0+79264]
	(No symbol) [0x0x7ff6a2809c8c]
	(No symbol) [0x0x7ff6a28505ef]
	(No symbol) [0x0x7ff6a2888832]
	(No symbol) [0x0x7ff6a2883233]
	(No symbol) [0x0x7ff6a28822f9]
	(No symbol) [0x0x7ff6a27d5fc5]
	GetHandleVerifier [0x0x7ff6a2d1a2ad+3004797]
	GetHandleVerifier [0x0x7ff6a2d146fd+2981325]
	GetHandleVerifier [0x0x7ff6a2d33350+3107360]
	GetHandleVerifier [0x0x7ff6a2a6a9fe+188622]
	GetHandleVerifier [0x0x7ff6a2a7228f+219487]
	(No symbol) [0x0x7ff6a27d5036]
	GetHandleVerifier [0x0x7ff6a2e33c48+4158232]
	BaseThreadInitThunk [0x0x7ff8341ce8d7+23]
	RtlUserThreadStart [0x0x7ff83567c34c+44]

2025_06_13 13_37_51 : No search results - 85-68-7
2025_06_13 13_37_51 : Error processing 85-68-7: Message: invalid session id
Stacktrace:
	GetHandleVerifier [0x0x7ff6a2a4fe75+79173]
	GetHandleVerifier [0x0x7ff6a2a4fed0+79264]
	(No symbol) [0x0x7ff6a2809c8c]
	(No symbol) [0x0x7ff6a28505ef]
	(No symbol) [0x0x7ff6a2888832]
	(No symbol) [0x0x7ff6a2883233]
	(No symbol) [0x0x7ff6a28822f9]
	(No symbol) [0x0x7ff6a27d5fc5]
	GetHandleVerifier [0x0x7ff6a2d1a2ad+3004797]
	GetHandleVerifier [0x0x7ff6a2d146fd+2981325]
	GetHandleVerifier [0x0x7ff6a2d33350+3107360]
	GetHandleVerifier [0x0x7ff6a2a6a9fe+188622]
	GetHandleVerifier [0x0x7ff6a2a7228f+219487]
	(No symbol) [0x0x7ff6a27d5036]
	GetHandleVerifier [0x0x7ff6a2e33c48+4158232]
	BaseThreadInitThunk [0x0x7ff8341ce8d7+23]
	RtlUserThreadStart [0x0x7ff83567c34c+44]

2025_06_13 13_37_51 : No search results - 84-61-7
2025_06_13 13_37_51 : Error processing 84-61-7: Message: invalid session id
Stacktrace:
	GetHandleVerifier [0x0x7ff6a2a4fe75+79173]
	GetHandleVerifier [0x0x7ff6a2a4fed0+79264]
	(No symbol) [0x0x7ff6a2809c8c]
	(No symbol) [0x0x7ff6a28505ef]
	(No symbol) [0x0x7ff6a2888832]
	(No symbol) [0x0x7ff6a2883233]
	(No symbol) [0x0x7ff6a28822f9]
	(No symbol) [0x0x7ff6a27d5fc5]
	GetHandleVerifier [0x0x7ff6a2d1a2ad+3004797]
	GetHandleVerifier [0x0x7ff6a2d146fd+2981325]
	GetHandleVerifier [0x0x7ff6a2d33350+3107360]
	GetHandleVerifier [0x0x7ff6a2a6a9fe+188622]
	GetHandleVerifier [0x0x7ff6a2a7228f+219487]
	(No symbol) [0x0x7ff6a27d5036]
	GetHandleVerifier [0x0x7ff6a2e33c48+4158232]
	BaseThreadInitThunk [0x0x7ff8341ce8d7+23]
	RtlUserThreadStart [0x0x7ff83567c34c+44]

2025_06_13 13_37_51 : No search results - 137-89-3
2025_06_13 13_37_51 : Error processing 137-89-3: Message: invalid session id
Stacktrace:
	GetHandleVerifier [0x0x7ff6a2a4fe75+79173]
	GetHandleVerifier [0x0x7ff6a2a4fed0+79264]
	(No symbol) [0x0x7ff6a2809c8c]
	(No symbol) [0x0x7ff6a28505ef]
	(No symbol) [0x0x7ff6a2888832]
	(No symbol) [0x0x7ff6a2883233]
	(No symbol) [0x0x7ff6a28822f9]
	(No symbol) [0x0x7ff6a27d5fc5]
	GetHandleVerifier [0x0x7ff6a2d1a2ad+3004797]
	GetHandleVerifier [0x0x7ff6a2d146fd+2981325]
	GetHandleVerifier [0x0x7ff6a2d33350+3107360]
	GetHandleVerifier [0x0x7ff6a2a6a9fe+188622]
	GetHandleVerifier [0x0x7ff6a2a7228f+219487]
	(No symbol) [0x0x7ff6a27d5036]
	GetHandleVerifier [0x0x7ff6a2e33c48+4158232]
	BaseThreadInitThunk [0x0x7ff8341ce8d7+23]
	RtlUserThreadStart [0x0x7ff83567c34c+44]

2025_06_13 13_37_51 : No search results - 6422-86-2
2025_06_13 13_37_51 : Error processing 6422-86-2: Message: invalid session id
Stacktrace:
	GetHandleVerifier [0x0x7ff6a2a4fe75+79173]
	GetHandleVerifier [0x0x7ff6a2a4fed0+79264]
	(No symbol) [0x0x7ff6a2809c8c]
	(No symbol) [0x0x7ff6a28505ef]
	(No symbol) [0x0x7ff6a2888832]
	(No symbol) [0x0x7ff6a2883233]
	(No symbol) [0x0x7ff6a28822f9]
	(No symbol) [0x0x7ff6a27d5fc5]
	GetHandleVerifier [0x0x7ff6a2d1a2ad+3004797]
	GetHandleVerifier [0x0x7ff6a2d146fd+2981325]
	GetHandleVerifier [0x0x7ff6a2d33350+3107360]
	GetHandleVerifier [0x0x7ff6a2a6a9fe+188622]
	GetHandleVerifier [0x0x7ff6a2a7228f+219487]
	(No symbol) [0x0x7ff6a27d5036]
	GetHandleVerifier [0x0x7ff6a2e33c48+4158232]
	BaseThreadInitThunk [0x0x7ff8341ce8d7+23]
	RtlUserThreadStart [0x0x7ff83567c34c+44]

2025_06_13 13_37_51 : No search results - 103-23-1
2025_06_13 13_37_51 : Error processing 103-23-1: Message: invalid session id
Stacktrace:
	GetHandleVerifier [0x0x7ff6a2a4fe75+79173]
	GetHandleVerifier [0x0x7ff6a2a4fed0+79264]
	(No symbol) [0x0x7ff6a2809c8c]
	(No symbol) [0x0x7ff6a28505ef]
	(No symbol) [0x0x7ff6a2888832]
	(No symbol) [0x0x7ff6a2883233]
	(No symbol) [0x0x7ff6a28822f9]
	(No symbol) [0x0x7ff6a27d5fc5]
	GetHandleVerifier [0x0x7ff6a2d1a2ad+3004797]
	GetHandleVerifier [0x0x7ff6a2d146fd+2981325]
	GetHandleVerifier [0x0x7ff6a2d33350+3107360]
	GetHandleVerifier [0x0x7ff6a2a6a9fe+188622]
	GetHandleVerifier [0x0x7ff6a2a7228f+219487]
	(No symbol) [0x0x7ff6a27d5036]
	GetHandleVerifier [0x0x7ff6a2e33c48+4158232]
	BaseThreadInitThunk [0x0x7ff8341ce8d7+23]
	RtlUserThreadStart [0x0x7ff83567c34c+44]

2025_06_13 13_37_51 : No search results - 33703-08-01
2025_06_13 13_37_51 : Error processing 33703-08-01: Message: invalid session id
Stacktrace:
	GetHandleVerifier [0x0x7ff6a2a4fe75+79173]
	GetHandleVerifier [0x0x7ff6a2a4fed0+79264]
	(No symbol) [0x0x7ff6a2809c8c]
	(No symbol) [0x0x7ff6a28505ef]
	(No symbol) [0x0x7ff6a2888832]
	(No symbol) [0x0x7ff6a2883233]
	(No symbol) [0x0x7ff6a28822f9]
	(No symbol) [0x0x7ff6a27d5fc5]
	GetHandleVerifier [0x0x7ff6a2d1a2ad+3004797]
	GetHandleVerifier [0x0x7ff6a2d146fd+2981325]
	GetHandleVerifier [0x0x7ff6a2d33350+3107360]
	GetHandleVerifier [0x0x7ff6a2a6a9fe+188622]
	GetHandleVerifier [0x0x7ff6a2a7228f+219487]
	(No symbol) [0x0x7ff6a27d5036]
	GetHandleVerifier [0x0x7ff6a2e33c48+4158232]
	BaseThreadInitThunk [0x0x7ff8341ce8d7+23]
	RtlUserThreadStart [0x0x7ff83567c34c+44]

2025_06_13 13_37_51 : No search results - 27178-16-1
2025_06_13 13_37_51 : Error processing 27178-16-1: Message: invalid session id
Stacktrace:
	GetHandleVerifier [0x0x7ff6a2a4fe75+79173]
	GetHandleVerifier [0x0x7ff6a2a4fed0+79264]
	(No symbol) [0x0x7ff6a2809c8c]
	(No symbol) [0x0x7ff6a28505ef]
	(No symbol) [0x0x7ff6a2888832]
	(No symbol) [0x0x7ff6a2883233]
	(No symbol) [0x0x7ff6a28822f9]
	(No symbol) [0x0x7ff6a27d5fc5]
	GetHandleVerifier [0x0x7ff6a2d1a2ad+3004797]
	GetHandleVerifier [0x0x7ff6a2d146fd+2981325]
	GetHandleVerifier [0x0x7ff6a2d33350+3107360]
	GetHandleVerifier [0x0x7ff6a2a6a9fe+188622]
	GetHandleVerifier [0x0x7ff6a2a7228f+219487]
	(No symbol) [0x0x7ff6a27d5036]
	GetHandleVerifier [0x0x7ff6a2e33c48+4158232]
	BaseThreadInitThunk [0x0x7ff8341ce8d7+23]
	RtlUserThreadStart [0x0x7ff83567c34c+44]

2025_06_13 13_37_51 : No search results - 103-23-1
2025_06_13 13_37_51 : Error processing 103-23-1: Message: invalid session id
Stacktrace:
	GetHandleVerifier [0x0x7ff6a2a4fe75+79173]
	GetHandleVerifier [0x0x7ff6a2a4fed0+79264]
	(No symbol) [0x0x7ff6a2809c8c]
	(No symbol) [0x0x7ff6a28505ef]
	(No symbol) [0x0x7ff6a2888832]
	(No symbol) [0x0x7ff6a2883233]
	(No symbol) [0x0x7ff6a28822f9]
	(No symbol) [0x0x7ff6a27d5fc5]
	GetHandleVerifier [0x0x7ff6a2d1a2ad+3004797]
	GetHandleVerifier [0x0x7ff6a2d146fd+2981325]
	GetHandleVerifier [0x0x7ff6a2d33350+3107360]
	GetHandleVerifier [0x0x7ff6a2a6a9fe+188622]
	GetHandleVerifier [0x0x7ff6a2a7228f+219487]
	(No symbol) [0x0x7ff6a27d5036]
	GetHandleVerifier [0x0x7ff6a2e33c48+4158232]
	BaseThreadInitThunk [0x0x7ff8341ce8d7+23]
	RtlUserThreadStart [0x0x7ff83567c34c+44]

2025_06_13 13_37_51 : No search results - 141-17-3
2025_06_13 13_37_51 : Error processing 141-17-3: Message: invalid session id
Stacktrace:
	GetHandleVerifier [0x0x7ff6a2a4fe75+79173]
	GetHandleVerifier [0x0x7ff6a2a4fed0+79264]
	(No symbol) [0x0x7ff6a2809c8c]
	(No symbol) [0x0x7ff6a28505ef]
	(No symbol) [0x0x7ff6a2888832]
	(No symbol) [0x0x7ff6a2883233]
	(No symbol) [0x0x7ff6a28822f9]
	(No symbol) [0x0x7ff6a27d5fc5]
	GetHandleVerifier [0x0x7ff6a2d1a2ad+3004797]
	GetHandleVerifier [0x0x7ff6a2d146fd+2981325]
	GetHandleVerifier [0x0x7ff6a2d33350+3107360]
	GetHandleVerifier [0x0x7ff6a2a6a9fe+188622]
	GetHandleVerifier [0x0x7ff6a2a7228f+219487]
	(No symbol) [0x0x7ff6a27d5036]
	GetHandleVerifier [0x0x7ff6a2e33c48+4158232]
	BaseThreadInitThunk [0x0x7ff8341ce8d7+23]
	RtlUserThreadStart [0x0x7ff83567c34c+44]

2025_06_13 13_37_51 : No search results - 141-18-4
2025_06_13 13_37_51 : Error processing 141-18-4: Message: invalid session id
Stacktrace:
	GetHandleVerifier [0x0x7ff6a2a4fe75+79173]
	GetHandleVerifier [0x0x7ff6a2a4fed0+79264]
	(No symbol) [0x0x7ff6a2809c8c]
	(No symbol) [0x0x7ff6a28505ef]
	(No symbol) [0x0x7ff6a2888832]
	(No symbol) [0x0x7ff6a2883233]
	(No symbol) [0x0x7ff6a28822f9]
	(No symbol) [0x0x7ff6a27d5fc5]
	GetHandleVerifier [0x0x7ff6a2d1a2ad+3004797]
	GetHandleVerifier [0x0x7ff6a2d146fd+2981325]
	GetHandleVerifier [0x0x7ff6a2d33350+3107360]
	GetHandleVerifier [0x0x7ff6a2a6a9fe+188622]
	GetHandleVerifier [0x0x7ff6a2a7228f+219487]
	(No symbol) [0x0x7ff6a27d5036]
	GetHandleVerifier [0x0x7ff6a2e33c48+4158232]
	BaseThreadInitThunk [0x0x7ff8341ce8d7+23]
	RtlUserThreadStart [0x0x7ff83567c34c+44]

2025_06_13 13_37_51 : No search results - 103-24-2
2025_06_13 13_37_51 : Error processing 103-24-2: Message: invalid session id
Stacktrace:
	GetHandleVerifier [0x0x7ff6a2a4fe75+79173]
	GetHandleVerifier [0x0x7ff6a2a4fed0+79264]
	(No symbol) [0x0x7ff6a2809c8c]
	(No symbol) [0x0x7ff6a28505ef]
	(No symbol) [0x0x7ff6a2888832]
	(No symbol) [0x0x7ff6a2883233]
	(No symbol) [0x0x7ff6a28822f9]
	(No symbol) [0x0x7ff6a27d5fc5]
	GetHandleVerifier [0x0x7ff6a2d1a2ad+3004797]
	GetHandleVerifier [0x0x7ff6a2d146fd+2981325]
	GetHandleVerifier [0x0x7ff6a2d33350+3107360]
	GetHandleVerifier [0x0x7ff6a2a6a9fe+188622]
	GetHandleVerifier [0x0x7ff6a2a7228f+219487]
	(No symbol) [0x0x7ff6a27d5036]
	GetHandleVerifier [0x0x7ff6a2e33c48+4158232]
	BaseThreadInitThunk [0x0x7ff8341ce8d7+23]
	RtlUserThreadStart [0x0x7ff83567c34c+44]

2025_06_13 13_37_51 : No search results - 109-43-3
2025_06_13 13_37_51 : Error processing 109-43-3: Message: invalid session id
Stacktrace:
	GetHandleVerifier [0x0x7ff6a2a4fe75+79173]
	GetHandleVerifier [0x0x7ff6a2a4fed0+79264]
	(No symbol) [0x0x7ff6a2809c8c]
	(No symbol) [0x0x7ff6a28505ef]
	(No symbol) [0x0x7ff6a2888832]
	(No symbol) [0x0x7ff6a2883233]
	(No symbol) [0x0x7ff6a28822f9]
	(No symbol) [0x0x7ff6a27d5fc5]
	GetHandleVerifier [0x0x7ff6a2d1a2ad+3004797]
	GetHandleVerifier [0x0x7ff6a2d146fd+2981325]
	GetHandleVerifier [0x0x7ff6a2d33350+3107360]
	GetHandleVerifier [0x0x7ff6a2a6a9fe+188622]
	GetHandleVerifier [0x0x7ff6a2a7228f+219487]
	(No symbol) [0x0x7ff6a27d5036]
	GetHandleVerifier [0x0x7ff6a2e33c48+4158232]
	BaseThreadInitThunk [0x0x7ff8341ce8d7+23]
	RtlUserThreadStart [0x0x7ff83567c34c+44]

2025_06_13 13_37_51 : No search results - 122-62-3
2025_06_13 13_37_51 : Error processing 122-62-3: Message: invalid session id
Stacktrace:
	GetHandleVerifier [0x0x7ff6a2a4fe75+79173]
	GetHandleVerifier [0x0x7ff6a2a4fed0+79264]
	(No symbol) [0x0x7ff6a2809c8c]
	(No symbol) [0x0x7ff6a28505ef]
	(No symbol) [0x0x7ff6a2888832]
	(No symbol) [0x0x7ff6a2883233]
	(No symbol) [0x0x7ff6a28822f9]
	(No symbol) [0x0x7ff6a27d5fc5]
	GetHandleVerifier [0x0x7ff6a2d1a2ad+3004797]
	GetHandleVerifier [0x0x7ff6a2d146fd+2981325]
	GetHandleVerifier [0x0x7ff6a2d33350+3107360]
	GetHandleVerifier [0x0x7ff6a2a6a9fe+188622]
	GetHandleVerifier [0x0x7ff6a2a7228f+219487]
	(No symbol) [0x0x7ff6a27d5036]
	GetHandleVerifier [0x0x7ff6a2e33c48+4158232]
	BaseThreadInitThunk [0x0x7ff8341ce8d7+23]
	RtlUserThreadStart [0x0x7ff83567c34c+44]

2025_06_13 13_37_51 : No search results - 105-76
2025_06_13 13_37_51 : Error processing 105-76: Message: invalid session id
Stacktrace:
	GetHandleVerifier [0x0x7ff6a2a4fe75+79173]
	GetHandleVerifier [0x0x7ff6a2a4fed0+79264]
	(No symbol) [0x0x7ff6a2809c8c]
	(No symbol) [0x0x7ff6a28505ef]
	(No symbol) [0x0x7ff6a2888832]
	(No symbol) [0x0x7ff6a2883233]
	(No symbol) [0x0x7ff6a28822f9]
	(No symbol) [0x0x7ff6a27d5fc5]
	GetHandleVerifier [0x0x7ff6a2d1a2ad+3004797]
	GetHandleVerifier [0x0x7ff6a2d146fd+2981325]
	GetHandleVerifier [0x0x7ff6a2d33350+3107360]
	GetHandleVerifier [0x0x7ff6a2a6a9fe+188622]
	GetHandleVerifier [0x0x7ff6a2a7228f+219487]
	(No symbol) [0x0x7ff6a27d5036]
	GetHandleVerifier [0x0x7ff6a2e33c48+4158232]
	BaseThreadInitThunk [0x0x7ff8341ce8d7+23]
	RtlUserThreadStart [0x0x7ff83567c34c+44]

2025_06_13 13_37_51 : No search results - 142-16-5
2025_06_13 13_37_51 : Error processing 142-16-5: Message: invalid session id
Stacktrace:
	GetHandleVerifier [0x0x7ff6a2a4fe75+79173]
	GetHandleVerifier [0x0x7ff6a2a4fed0+79264]
	(No symbol) [0x0x7ff6a2809c8c]
	(No symbol) [0x0x7ff6a28505ef]
	(No symbol) [0x0x7ff6a2888832]
	(No symbol) [0x0x7ff6a2883233]
	(No symbol) [0x0x7ff6a28822f9]
	(No symbol) [0x0x7ff6a27d5fc5]
	GetHandleVerifier [0x0x7ff6a2d1a2ad+3004797]
	GetHandleVerifier [0x0x7ff6a2d146fd+2981325]
	GetHandleVerifier [0x0x7ff6a2d33350+3107360]
	GetHandleVerifier [0x0x7ff6a2a6a9fe+188622]
	GetHandleVerifier [0x0x7ff6a2a7228f+219487]
	(No symbol) [0x0x7ff6a27d5036]
	GetHandleVerifier [0x0x7ff6a2e33c48+4158232]
	BaseThreadInitThunk [0x0x7ff8341ce8d7+23]
	RtlUserThreadStart [0x0x7ff83567c34c+44]

2025_06_13 13_37_51 : No search results - 105-75-9
2025_06_13 13_37_51 : Error processing 105-75-9: Message: invalid session id
Stacktrace:
	GetHandleVerifier [0x0x7ff6a2a4fe75+79173]
	GetHandleVerifier [0x0x7ff6a2a4fed0+79264]
	(No symbol) [0x0x7ff6a2809c8c]
	(No symbol) [0x0x7ff6a28505ef]
	(No symbol) [0x0x7ff6a2888832]
	(No symbol) [0x0x7ff6a2883233]
	(No symbol) [0x0x7ff6a28822f9]
	(No symbol) [0x0x7ff6a27d5fc5]
	GetHandleVerifier [0x0x7ff6a2d1a2ad+3004797]
	GetHandleVerifier [0x0x7ff6a2d146fd+2981325]
	GetHandleVerifier [0x0x7ff6a2d33350+3107360]
	GetHandleVerifier [0x0x7ff6a2a6a9fe+188622]
	GetHandleVerifier [0x0x7ff6a2a7228f+219487]
	(No symbol) [0x0x7ff6a27d5036]
	GetHandleVerifier [0x0x7ff6a2e33c48+4158232]
	BaseThreadInitThunk [0x0x7ff8341ce8d7+23]
	RtlUserThreadStart [0x0x7ff83567c34c+44]

2025_06_13 13_37_51 : No search results - 1330-78-5
2025_06_13 13_37_51 : Error processing 1330-78-5: Message: invalid session id
Stacktrace:
	GetHandleVerifier [0x0x7ff6a2a4fe75+79173]
	GetHandleVerifier [0x0x7ff6a2a4fed0+79264]
	(No symbol) [0x0x7ff6a2809c8c]
	(No symbol) [0x0x7ff6a28505ef]
	(No symbol) [0x0x7ff6a2888832]
	(No symbol) [0x0x7ff6a2883233]
	(No symbol) [0x0x7ff6a28822f9]
	(No symbol) [0x0x7ff6a27d5fc5]
	GetHandleVerifier [0x0x7ff6a2d1a2ad+3004797]
	GetHandleVerifier [0x0x7ff6a2d146fd+2981325]
	GetHandleVerifier [0x0x7ff6a2d33350+3107360]
	GetHandleVerifier [0x0x7ff6a2a6a9fe+188622]
	GetHandleVerifier [0x0x7ff6a2a7228f+219487]
	(No symbol) [0x0x7ff6a27d5036]
	GetHandleVerifier [0x0x7ff6a2e33c48+4158232]
	BaseThreadInitThunk [0x0x7ff8341ce8d7+23]
	RtlUserThreadStart [0x0x7ff83567c34c+44]

2025_06_13 13_37_51 : No search results - 78-40-0
2025_06_13 13_37_51 : Error processing 78-40-0: Message: invalid session id
Stacktrace:
	GetHandleVerifier [0x0x7ff6a2a4fe75+79173]
	GetHandleVerifier [0x0x7ff6a2a4fed0+79264]
	(No symbol) [0x0x7ff6a2809c8c]
	(No symbol) [0x0x7ff6a28505ef]
	(No symbol) [0x0x7ff6a2888832]
	(No symbol) [0x0x7ff6a2883233]
	(No symbol) [0x0x7ff6a28822f9]
	(No symbol) [0x0x7ff6a27d5fc5]
	GetHandleVerifier [0x0x7ff6a2d1a2ad+3004797]
	GetHandleVerifier [0x0x7ff6a2d146fd+2981325]
	GetHandleVerifier [0x0x7ff6a2d33350+3107360]
	GetHandleVerifier [0x0x7ff6a2a6a9fe+188622]
	GetHandleVerifier [0x0x7ff6a2a7228f+219487]
	(No symbol) [0x0x7ff6a27d5036]
	GetHandleVerifier [0x0x7ff6a2e33c48+4158232]
	BaseThreadInitThunk [0x0x7ff8341ce8d7+23]
	RtlUserThreadStart [0x0x7ff83567c34c+44]

2025_06_13 13_37_51 : No search results - 126-73-8
2025_06_13 13_37_51 : Error processing 126-73-8: Message: invalid session id
Stacktrace:
	GetHandleVerifier [0x0x7ff6a2a4fe75+79173]
	GetHandleVerifier [0x0x7ff6a2a4fed0+79264]
	(No symbol) [0x0x7ff6a2809c8c]
	(No symbol) [0x0x7ff6a28505ef]
	(No symbol) [0x0x7ff6a2888832]
	(No symbol) [0x0x7ff6a2883233]
	(No symbol) [0x0x7ff6a28822f9]
	(No symbol) [0x0x7ff6a27d5fc5]
	GetHandleVerifier [0x0x7ff6a2d1a2ad+3004797]
	GetHandleVerifier [0x0x7ff6a2d146fd+2981325]
	GetHandleVerifier [0x0x7ff6a2d33350+3107360]
	GetHandleVerifier [0x0x7ff6a2a6a9fe+188622]
	GetHandleVerifier [0x0x7ff6a2a7228f+219487]
	(No symbol) [0x0x7ff6a27d5036]
	GetHandleVerifier [0x0x7ff6a2e33c48+4158232]
	BaseThreadInitThunk [0x0x7ff8341ce8d7+23]
	RtlUserThreadStart [0x0x7ff83567c34c+44]

2025_06_13 13_37_51 : No search results - 78-42-2
2025_06_13 13_37_51 : Error processing 78-42-2 : Message: invalid session id
Stacktrace:
	GetHandleVerifier [0x0x7ff6a2a4fe75+79173]
	GetHandleVerifier [0x0x7ff6a2a4fed0+79264]
	(No symbol) [0x0x7ff6a2809c8c]
	(No symbol) [0x0x7ff6a28505ef]
	(No symbol) [0x0x7ff6a2888832]
	(No symbol) [0x0x7ff6a2883233]
	(No symbol) [0x0x7ff6a28822f9]
	(No symbol) [0x0x7ff6a27d5fc5]
	GetHandleVerifier [0x0x7ff6a2d1a2ad+3004797]
	GetHandleVerifier [0x0x7ff6a2d146fd+2981325]
	GetHandleVerifier [0x0x7ff6a2d33350+3107360]
	GetHandleVerifier [0x0x7ff6a2a6a9fe+188622]
	GetHandleVerifier [0x0x7ff6a2a7228f+219487]
	(No symbol) [0x0x7ff6a27d5036]
	GetHandleVerifier [0x0x7ff6a2e33c48+4158232]
	BaseThreadInitThunk [0x0x7ff8341ce8d7+23]
	RtlUserThreadStart [0x0x7ff83567c34c+44]

2025_06_13 13_37_51 : No search results - 78-51-3
2025_06_13 13_37_51 : Error processing 78-51-3: Message: invalid session id
Stacktrace:
	GetHandleVerifier [0x0x7ff6a2a4fe75+79173]
	GetHandleVerifier [0x0x7ff6a2a4fed0+79264]
	(No symbol) [0x0x7ff6a2809c8c]
	(No symbol) [0x0x7ff6a28505ef]
	(No symbol) [0x0x7ff6a2888832]
	(No symbol) [0x0x7ff6a2883233]
	(No symbol) [0x0x7ff6a28822f9]
	(No symbol) [0x0x7ff6a27d5fc5]
	GetHandleVerifier [0x0x7ff6a2d1a2ad+3004797]
	GetHandleVerifier [0x0x7ff6a2d146fd+2981325]
	GetHandleVerifier [0x0x7ff6a2d33350+3107360]
	GetHandleVerifier [0x0x7ff6a2a6a9fe+188622]
	GetHandleVerifier [0x0x7ff6a2a7228f+219487]
	(No symbol) [0x0x7ff6a27d5036]
	GetHandleVerifier [0x0x7ff6a2e33c48+4158232]
	BaseThreadInitThunk [0x0x7ff8341ce8d7+23]
	RtlUserThreadStart [0x0x7ff83567c34c+44]

2025_06_13 13_37_51 : No search results - 115-86-6
2025_06_13 13_37_51 : Error processing 115-86-6: Message: invalid session id
Stacktrace:
	GetHandleVerifier [0x0x7ff6a2a4fe75+79173]
	GetHandleVerifier [0x0x7ff6a2a4fed0+79264]
	(No symbol) [0x0x7ff6a2809c8c]
	(No symbol) [0x0x7ff6a28505ef]
	(No symbol) [0x0x7ff6a2888832]
	(No symbol) [0x0x7ff6a2883233]
	(No symbol) [0x0x7ff6a28822f9]
	(No symbol) [0x0x7ff6a27d5fc5]
	GetHandleVerifier [0x0x7ff6a2d1a2ad+3004797]
	GetHandleVerifier [0x0x7ff6a2d146fd+2981325]
	GetHandleVerifier [0x0x7ff6a2d33350+3107360]
	GetHandleVerifier [0x0x7ff6a2a6a9fe+188622]
	GetHandleVerifier [0x0x7ff6a2a7228f+219487]
	(No symbol) [0x0x7ff6a27d5036]
	GetHandleVerifier [0x0x7ff6a2e33c48+4158232]
	BaseThreadInitThunk [0x0x7ff8341ce8d7+23]
	RtlUserThreadStart [0x0x7ff83567c34c+44]

2025_06_13 13_37_51 : No search results - 26444-49-5
2025_06_13 13_37_51 : Error processing 26444-49-5: Message: invalid session id
Stacktrace:
	GetHandleVerifier [0x0x7ff6a2a4fe75+79173]
	GetHandleVerifier [0x0x7ff6a2a4fed0+79264]
	(No symbol) [0x0x7ff6a2809c8c]
	(No symbol) [0x0x7ff6a28505ef]
	(No symbol) [0x0x7ff6a2888832]
	(No symbol) [0x0x7ff6a2883233]
	(No symbol) [0x0x7ff6a28822f9]
	(No symbol) [0x0x7ff6a27d5fc5]
	GetHandleVerifier [0x0x7ff6a2d1a2ad+3004797]
	GetHandleVerifier [0x0x7ff6a2d146fd+2981325]
	GetHandleVerifier [0x0x7ff6a2d33350+3107360]
	GetHandleVerifier [0x0x7ff6a2a6a9fe+188622]
	GetHandleVerifier [0x0x7ff6a2a7228f+219487]
	(No symbol) [0x0x7ff6a27d5036]
	GetHandleVerifier [0x0x7ff6a2e33c48+4158232]
	BaseThreadInitThunk [0x0x7ff8341ce8d7+23]
	RtlUserThreadStart [0x0x7ff83567c34c+44]

2025_06_13 13_37_51 : No search results - 77-89-4
2025_06_13 13_37_51 : Error processing 77-89-4: Message: invalid session id
Stacktrace:
	GetHandleVerifier [0x0x7ff6a2a4fe75+79173]
	GetHandleVerifier [0x0x7ff6a2a4fed0+79264]
	(No symbol) [0x0x7ff6a2809c8c]
	(No symbol) [0x0x7ff6a28505ef]
	(No symbol) [0x0x7ff6a2888832]
	(No symbol) [0x0x7ff6a2883233]
	(No symbol) [0x0x7ff6a28822f9]
	(No symbol) [0x0x7ff6a27d5fc5]
	GetHandleVerifier [0x0x7ff6a2d1a2ad+3004797]
	GetHandleVerifier [0x0x7ff6a2d146fd+2981325]
	GetHandleVerifier [0x0x7ff6a2d33350+3107360]
	GetHandleVerifier [0x0x7ff6a2a6a9fe+188622]
	GetHandleVerifier [0x0x7ff6a2a7228f+219487]
	(No symbol) [0x0x7ff6a27d5036]
	GetHandleVerifier [0x0x7ff6a2e33c48+4158232]
	BaseThreadInitThunk [0x0x7ff8341ce8d7+23]
	RtlUserThreadStart [0x0x7ff83567c34c+44]

2025_06_13 13_37_51 : No search results - 77-90-7
2025_06_13 13_37_51 : Error processing 77-90-7: Message: invalid session id
Stacktrace:
	GetHandleVerifier [0x0x7ff6a2a4fe75+79173]
	GetHandleVerifier [0x0x7ff6a2a4fed0+79264]
	(No symbol) [0x0x7ff6a2809c8c]
	(No symbol) [0x0x7ff6a28505ef]
	(No symbol) [0x0x7ff6a2888832]
	(No symbol) [0x0x7ff6a2883233]
	(No symbol) [0x0x7ff6a28822f9]
	(No symbol) [0x0x7ff6a27d5fc5]
	GetHandleVerifier [0x0x7ff6a2d1a2ad+3004797]
	GetHandleVerifier [0x0x7ff6a2d146fd+2981325]
	GetHandleVerifier [0x0x7ff6a2d33350+3107360]
	GetHandleVerifier [0x0x7ff6a2a6a9fe+188622]
	GetHandleVerifier [0x0x7ff6a2a7228f+219487]
	(No symbol) [0x0x7ff6a27d5036]
	GetHandleVerifier [0x0x7ff6a2e33c48+4158232]
	BaseThreadInitThunk [0x0x7ff8341ce8d7+23]
	RtlUserThreadStart [0x0x7ff83567c34c+44]

2025_06_13 13_40_46 : No search results - 131-11-3
2025_06_13 13_40_46 : Error processing 131-11-3: Message: invalid session id
Stacktrace:
	GetHandleVerifier [0x0x7ff6a2a4fe75+79173]
	GetHandleVerifier [0x0x7ff6a2a4fed0+79264]
	(No symbol) [0x0x7ff6a2809c8c]
	(No symbol) [0x0x7ff6a28505ef]
	(No symbol) [0x0x7ff6a2888832]
	(No symbol) [0x0x7ff6a2883233]
	(No symbol) [0x0x7ff6a28822f9]
	(No symbol) [0x0x7ff6a27d5fc5]
	GetHandleVerifier [0x0x7ff6a2d1a2ad+3004797]
	GetHandleVerifier [0x0x7ff6a2d146fd+2981325]
	GetHandleVerifier [0x0x7ff6a2d33350+3107360]
	GetHandleVerifier [0x0x7ff6a2a6a9fe+188622]
	GetHandleVerifier [0x0x7ff6a2a7228f+219487]
	(No symbol) [0x0x7ff6a27d5036]
	GetHandleVerifier [0x0x7ff6a2e33c48+4158232]
	BaseThreadInitThunk [0x0x7ff8341ce8d7+23]
	RtlUserThreadStart [0x0x7ff83567c34c+44]

2025_06_13 13_40_46 : No search results - 84-66-2
2025_06_13 13_40_46 : Error processing 84-66-2: Message: invalid session id
Stacktrace:
	GetHandleVerifier [0x0x7ff6a2a4fe75+79173]
	GetHandleVerifier [0x0x7ff6a2a4fed0+79264]
	(No symbol) [0x0x7ff6a2809c8c]
	(No symbol) [0x0x7ff6a28505ef]
	(No symbol) [0x0x7ff6a2888832]
	(No symbol) [0x0x7ff6a2883233]
	(No symbol) [0x0x7ff6a28822f9]
	(No symbol) [0x0x7ff6a27d5fc5]
	GetHandleVerifier [0x0x7ff6a2d1a2ad+3004797]
	GetHandleVerifier [0x0x7ff6a2d146fd+2981325]
	GetHandleVerifier [0x0x7ff6a2d33350+3107360]
	GetHandleVerifier [0x0x7ff6a2a6a9fe+188622]
	GetHandleVerifier [0x0x7ff6a2a7228f+219487]
	(No symbol) [0x0x7ff6a27d5036]
	GetHandleVerifier [0x0x7ff6a2e33c48+4158232]
	BaseThreadInitThunk [0x0x7ff8341ce8d7+23]
	RtlUserThreadStart [0x0x7ff83567c34c+44]

2025_06_13 13_40_46 : No search results - 84-74-2
2025_06_13 13_40_46 : Error processing 84-74-2: Message: invalid session id
Stacktrace:
	GetHandleVerifier [0x0x7ff6a2a4fe75+79173]
	GetHandleVerifier [0x0x7ff6a2a4fed0+79264]
	(No symbol) [0x0x7ff6a2809c8c]
	(No symbol) [0x0x7ff6a28505ef]
	(No symbol) [0x0x7ff6a2888832]
	(No symbol) [0x0x7ff6a2883233]
	(No symbol) [0x0x7ff6a28822f9]
	(No symbol) [0x0x7ff6a27d5fc5]
	GetHandleVerifier [0x0x7ff6a2d1a2ad+3004797]
	GetHandleVerifier [0x0x7ff6a2d146fd+2981325]
	GetHandleVerifier [0x0x7ff6a2d33350+3107360]
	GetHandleVerifier [0x0x7ff6a2a6a9fe+188622]
	GetHandleVerifier [0x0x7ff6a2a7228f+219487]
	(No symbol) [0x0x7ff6a27d5036]
	GetHandleVerifier [0x0x7ff6a2e33c48+4158232]
	BaseThreadInitThunk [0x0x7ff8341ce8d7+23]
	RtlUserThreadStart [0x0x7ff83567c34c+44]

2025_06_13 13_40_46 : No search results - 117-81-7
2025_06_13 13_40_46 : Error processing 117-81-7: Message: invalid session id
Stacktrace:
	GetHandleVerifier [0x0x7ff6a2a4fe75+79173]
	GetHandleVerifier [0x0x7ff6a2a4fed0+79264]
	(No symbol) [0x0x7ff6a2809c8c]
	(No symbol) [0x0x7ff6a28505ef]
	(No symbol) [0x0x7ff6a2888832]
	(No symbol) [0x0x7ff6a2883233]
	(No symbol) [0x0x7ff6a28822f9]
	(No symbol) [0x0x7ff6a27d5fc5]
	GetHandleVerifier [0x0x7ff6a2d1a2ad+3004797]
	GetHandleVerifier [0x0x7ff6a2d146fd+2981325]
	GetHandleVerifier [0x0x7ff6a2d33350+3107360]
	GetHandleVerifier [0x0x7ff6a2a6a9fe+188622]
	GetHandleVerifier [0x0x7ff6a2a7228f+219487]
	(No symbol) [0x0x7ff6a27d5036]
	GetHandleVerifier [0x0x7ff6a2e33c48+4158232]
	BaseThreadInitThunk [0x0x7ff8341ce8d7+23]
	RtlUserThreadStart [0x0x7ff83567c34c+44]

2025_06_13 13_40_46 : No search results - 28553-12-0
2025_06_13 13_40_46 : Error processing 28553-12-0: Message: invalid session id
Stacktrace:
	GetHandleVerifier [0x0x7ff6a2a4fe75+79173]
	GetHandleVerifier [0x0x7ff6a2a4fed0+79264]
	(No symbol) [0x0x7ff6a2809c8c]
	(No symbol) [0x0x7ff6a28505ef]
	(No symbol) [0x0x7ff6a2888832]
	(No symbol) [0x0x7ff6a2883233]
	(No symbol) [0x0x7ff6a28822f9]
	(No symbol) [0x0x7ff6a27d5fc5]
	GetHandleVerifier [0x0x7ff6a2d1a2ad+3004797]
	GetHandleVerifier [0x0x7ff6a2d146fd+2981325]
	GetHandleVerifier [0x0x7ff6a2d33350+3107360]
	GetHandleVerifier [0x0x7ff6a2a6a9fe+188622]
	GetHandleVerifier [0x0x7ff6a2a7228f+219487]
	(No symbol) [0x0x7ff6a27d5036]
	GetHandleVerifier [0x0x7ff6a2e33c48+4158232]
	BaseThreadInitThunk [0x0x7ff8341ce8d7+23]
	RtlUserThreadStart [0x0x7ff83567c34c+44]

2025_06_13 13_40_46 : No search results - 26761-40-0
2025_06_13 13_40_46 : Error processing 26761-40-0: Message: invalid session id
Stacktrace:
	GetHandleVerifier [0x0x7ff6a2a4fe75+79173]
	GetHandleVerifier [0x0x7ff6a2a4fed0+79264]
	(No symbol) [0x0x7ff6a2809c8c]
	(No symbol) [0x0x7ff6a28505ef]
	(No symbol) [0x0x7ff6a2888832]
	(No symbol) [0x0x7ff6a2883233]
	(No symbol) [0x0x7ff6a28822f9]
	(No symbol) [0x0x7ff6a27d5fc5]
	GetHandleVerifier [0x0x7ff6a2d1a2ad+3004797]
	GetHandleVerifier [0x0x7ff6a2d146fd+2981325]
	GetHandleVerifier [0x0x7ff6a2d33350+3107360]
	GetHandleVerifier [0x0x7ff6a2a6a9fe+188622]
	GetHandleVerifier [0x0x7ff6a2a7228f+219487]
	(No symbol) [0x0x7ff6a27d5036]
	GetHandleVerifier [0x0x7ff6a2e33c48+4158232]
	BaseThreadInitThunk [0x0x7ff8341ce8d7+23]
	RtlUserThreadStart [0x0x7ff83567c34c+44]

2025_06_13 13_40_46 : No search results - 85507-79-5
2025_06_13 13_40_46 : Error processing 85507-79-5: Message: invalid session id
Stacktrace:
	GetHandleVerifier [0x0x7ff6a2a4fe75+79173]
	GetHandleVerifier [0x0x7ff6a2a4fed0+79264]
	(No symbol) [0x0x7ff6a2809c8c]
	(No symbol) [0x0x7ff6a28505ef]
	(No symbol) [0x0x7ff6a2888832]
	(No symbol) [0x0x7ff6a2883233]
	(No symbol) [0x0x7ff6a28822f9]
	(No symbol) [0x0x7ff6a27d5fc5]
	GetHandleVerifier [0x0x7ff6a2d1a2ad+3004797]
	GetHandleVerifier [0x0x7ff6a2d146fd+2981325]
	GetHandleVerifier [0x0x7ff6a2d33350+3107360]
	GetHandleVerifier [0x0x7ff6a2a6a9fe+188622]
	GetHandleVerifier [0x0x7ff6a2a7228f+219487]
	(No symbol) [0x0x7ff6a27d5036]
	GetHandleVerifier [0x0x7ff6a2e33c48+4158232]
	BaseThreadInitThunk [0x0x7ff8341ce8d7+23]
	RtlUserThreadStart [0x0x7ff83567c34c+44]

2025_06_13 13_40_46 : No search results - 27253-26-5
2025_06_13 13_40_46 : Error processing 27253-26-5: Message: invalid session id
Stacktrace:
	GetHandleVerifier [0x0x7ff6a2a4fe75+79173]
	GetHandleVerifier [0x0x7ff6a2a4fed0+79264]
	(No symbol) [0x0x7ff6a2809c8c]
	(No symbol) [0x0x7ff6a28505ef]
	(No symbol) [0x0x7ff6a2888832]
	(No symbol) [0x0x7ff6a2883233]
	(No symbol) [0x0x7ff6a28822f9]
	(No symbol) [0x0x7ff6a27d5fc5]
	GetHandleVerifier [0x0x7ff6a2d1a2ad+3004797]
	GetHandleVerifier [0x0x7ff6a2d146fd+2981325]
	GetHandleVerifier [0x0x7ff6a2d33350+3107360]
	GetHandleVerifier [0x0x7ff6a2a6a9fe+188622]
	GetHandleVerifier [0x0x7ff6a2a7228f+219487]
	(No symbol) [0x0x7ff6a27d5036]
	GetHandleVerifier [0x0x7ff6a2e33c48+4158232]
	BaseThreadInitThunk [0x0x7ff8341ce8d7+23]
	RtlUserThreadStart [0x0x7ff83567c34c+44]

2025_06_13 13_40_46 : No search results - 85-68-7
2025_06_13 13_40_46 : Error processing 85-68-7: Message: invalid session id
Stacktrace:
	GetHandleVerifier [0x0x7ff6a2a4fe75+79173]
	GetHandleVerifier [0x0x7ff6a2a4fed0+79264]
	(No symbol) [0x0x7ff6a2809c8c]
	(No symbol) [0x0x7ff6a28505ef]
	(No symbol) [0x0x7ff6a2888832]
	(No symbol) [0x0x7ff6a2883233]
	(No symbol) [0x0x7ff6a28822f9]
	(No symbol) [0x0x7ff6a27d5fc5]
	GetHandleVerifier [0x0x7ff6a2d1a2ad+3004797]
	GetHandleVerifier [0x0x7ff6a2d146fd+2981325]
	GetHandleVerifier [0x0x7ff6a2d33350+3107360]
	GetHandleVerifier [0x0x7ff6a2a6a9fe+188622]
	GetHandleVerifier [0x0x7ff6a2a7228f+219487]
	(No symbol) [0x0x7ff6a27d5036]
	GetHandleVerifier [0x0x7ff6a2e33c48+4158232]
	BaseThreadInitThunk [0x0x7ff8341ce8d7+23]
	RtlUserThreadStart [0x0x7ff83567c34c+44]

2025_06_13 13_40_46 : No search results - 84-61-7
2025_06_13 13_40_46 : Error processing 84-61-7: Message: invalid session id
Stacktrace:
	GetHandleVerifier [0x0x7ff6a2a4fe75+79173]
	GetHandleVerifier [0x0x7ff6a2a4fed0+79264]
	(No symbol) [0x0x7ff6a2809c8c]
	(No symbol) [0x0x7ff6a28505ef]
	(No symbol) [0x0x7ff6a2888832]
	(No symbol) [0x0x7ff6a2883233]
	(No symbol) [0x0x7ff6a28822f9]
	(No symbol) [0x0x7ff6a27d5fc5]
	GetHandleVerifier [0x0x7ff6a2d1a2ad+3004797]
	GetHandleVerifier [0x0x7ff6a2d146fd+2981325]
	GetHandleVerifier [0x0x7ff6a2d33350+3107360]
	GetHandleVerifier [0x0x7ff6a2a6a9fe+188622]
	GetHandleVerifier [0x0x7ff6a2a7228f+219487]
	(No symbol) [0x0x7ff6a27d5036]
	GetHandleVerifier [0x0x7ff6a2e33c48+4158232]
	BaseThreadInitThunk [0x0x7ff8341ce8d7+23]
	RtlUserThreadStart [0x0x7ff83567c34c+44]

2025_06_13 13_40_46 : No search results - 137-89-3
2025_06_13 13_40_46 : Error processing 137-89-3: Message: invalid session id
Stacktrace:
	GetHandleVerifier [0x0x7ff6a2a4fe75+79173]
	GetHandleVerifier [0x0x7ff6a2a4fed0+79264]
	(No symbol) [0x0x7ff6a2809c8c]
	(No symbol) [0x0x7ff6a28505ef]
	(No symbol) [0x0x7ff6a2888832]
	(No symbol) [0x0x7ff6a2883233]
	(No symbol) [0x0x7ff6a28822f9]
	(No symbol) [0x0x7ff6a27d5fc5]
	GetHandleVerifier [0x0x7ff6a2d1a2ad+3004797]
	GetHandleVerifier [0x0x7ff6a2d146fd+2981325]
	GetHandleVerifier [0x0x7ff6a2d33350+3107360]
	GetHandleVerifier [0x0x7ff6a2a6a9fe+188622]
	GetHandleVerifier [0x0x7ff6a2a7228f+219487]
	(No symbol) [0x0x7ff6a27d5036]
	GetHandleVerifier [0x0x7ff6a2e33c48+4158232]
	BaseThreadInitThunk [0x0x7ff8341ce8d7+23]
	RtlUserThreadStart [0x0x7ff83567c34c+44]

2025_06_13 13_40_46 : No search results - 6422-86-2
2025_06_13 13_40_46 : Error processing 6422-86-2: Message: invalid session id
Stacktrace:
	GetHandleVerifier [0x0x7ff6a2a4fe75+79173]
	GetHandleVerifier [0x0x7ff6a2a4fed0+79264]
	(No symbol) [0x0x7ff6a2809c8c]
	(No symbol) [0x0x7ff6a28505ef]
	(No symbol) [0x0x7ff6a2888832]
	(No symbol) [0x0x7ff6a2883233]
	(No symbol) [0x0x7ff6a28822f9]
	(No symbol) [0x0x7ff6a27d5fc5]
	GetHandleVerifier [0x0x7ff6a2d1a2ad+3004797]
	GetHandleVerifier [0x0x7ff6a2d146fd+2981325]
	GetHandleVerifier [0x0x7ff6a2d33350+3107360]
	GetHandleVerifier [0x0x7ff6a2a6a9fe+188622]
	GetHandleVerifier [0x0x7ff6a2a7228f+219487]
	(No symbol) [0x0x7ff6a27d5036]
	GetHandleVerifier [0x0x7ff6a2e33c48+4158232]
	BaseThreadInitThunk [0x0x7ff8341ce8d7+23]
	RtlUserThreadStart [0x0x7ff83567c34c+44]

2025_06_13 13_40_46 : No search results - 103-23-1
2025_06_13 13_40_46 : Error processing 103-23-1: Message: invalid session id
Stacktrace:
	GetHandleVerifier [0x0x7ff6a2a4fe75+79173]
	GetHandleVerifier [0x0x7ff6a2a4fed0+79264]
	(No symbol) [0x0x7ff6a2809c8c]
	(No symbol) [0x0x7ff6a28505ef]
	(No symbol) [0x0x7ff6a2888832]
	(No symbol) [0x0x7ff6a2883233]
	(No symbol) [0x0x7ff6a28822f9]
	(No symbol) [0x0x7ff6a27d5fc5]
	GetHandleVerifier [0x0x7ff6a2d1a2ad+3004797]
	GetHandleVerifier [0x0x7ff6a2d146fd+2981325]
	GetHandleVerifier [0x0x7ff6a2d33350+3107360]
	GetHandleVerifier [0x0x7ff6a2a6a9fe+188622]
	GetHandleVerifier [0x0x7ff6a2a7228f+219487]
	(No symbol) [0x0x7ff6a27d5036]
	GetHandleVerifier [0x0x7ff6a2e33c48+4158232]
	BaseThreadInitThunk [0x0x7ff8341ce8d7+23]
	RtlUserThreadStart [0x0x7ff83567c34c+44]

2025_06_13 13_40_46 : No search results - 33703-08-01
2025_06_13 13_40_46 : Error processing 33703-08-01: Message: invalid session id
Stacktrace:
	GetHandleVerifier [0x0x7ff6a2a4fe75+79173]
	GetHandleVerifier [0x0x7ff6a2a4fed0+79264]
	(No symbol) [0x0x7ff6a2809c8c]
	(No symbol) [0x0x7ff6a28505ef]
	(No symbol) [0x0x7ff6a2888832]
	(No symbol) [0x0x7ff6a2883233]
	(No symbol) [0x0x7ff6a28822f9]
	(No symbol) [0x0x7ff6a27d5fc5]
	GetHandleVerifier [0x0x7ff6a2d1a2ad+3004797]
	GetHandleVerifier [0x0x7ff6a2d146fd+2981325]
	GetHandleVerifier [0x0x7ff6a2d33350+3107360]
	GetHandleVerifier [0x0x7ff6a2a6a9fe+188622]
	GetHandleVerifier [0x0x7ff6a2a7228f+219487]
	(No symbol) [0x0x7ff6a27d5036]
	GetHandleVerifier [0x0x7ff6a2e33c48+4158232]
	BaseThreadInitThunk [0x0x7ff8341ce8d7+23]
	RtlUserThreadStart [0x0x7ff83567c34c+44]

2025_06_13 13_40_46 : No search results - 27178-16-1
2025_06_13 13_40_46 : Error processing 27178-16-1: Message: invalid session id
Stacktrace:
	GetHandleVerifier [0x0x7ff6a2a4fe75+79173]
	GetHandleVerifier [0x0x7ff6a2a4fed0+79264]
	(No symbol) [0x0x7ff6a2809c8c]
	(No symbol) [0x0x7ff6a28505ef]
	(No symbol) [0x0x7ff6a2888832]
	(No symbol) [0x0x7ff6a2883233]
	(No symbol) [0x0x7ff6a28822f9]
	(No symbol) [0x0x7ff6a27d5fc5]
	GetHandleVerifier [0x0x7ff6a2d1a2ad+3004797]
	GetHandleVerifier [0x0x7ff6a2d146fd+2981325]
	GetHandleVerifier [0x0x7ff6a2d33350+3107360]
	GetHandleVerifier [0x0x7ff6a2a6a9fe+188622]
	GetHandleVerifier [0x0x7ff6a2a7228f+219487]
	(No symbol) [0x0x7ff6a27d5036]
	GetHandleVerifier [0x0x7ff6a2e33c48+4158232]
	BaseThreadInitThunk [0x0x7ff8341ce8d7+23]
	RtlUserThreadStart [0x0x7ff83567c34c+44]

2025_06_13 13_40_46 : No search results - 103-23-1
2025_06_13 13_40_46 : Error processing 103-23-1: Message: invalid session id
Stacktrace:
	GetHandleVerifier [0x0x7ff6a2a4fe75+79173]
	GetHandleVerifier [0x0x7ff6a2a4fed0+79264]
	(No symbol) [0x0x7ff6a2809c8c]
	(No symbol) [0x0x7ff6a28505ef]
	(No symbol) [0x0x7ff6a2888832]
	(No symbol) [0x0x7ff6a2883233]
	(No symbol) [0x0x7ff6a28822f9]
	(No symbol) [0x0x7ff6a27d5fc5]
	GetHandleVerifier [0x0x7ff6a2d1a2ad+3004797]
	GetHandleVerifier [0x0x7ff6a2d146fd+2981325]
	GetHandleVerifier [0x0x7ff6a2d33350+3107360]
	GetHandleVerifier [0x0x7ff6a2a6a9fe+188622]
	GetHandleVerifier [0x0x7ff6a2a7228f+219487]
	(No symbol) [0x0x7ff6a27d5036]
	GetHandleVerifier [0x0x7ff6a2e33c48+4158232]
	BaseThreadInitThunk [0x0x7ff8341ce8d7+23]
	RtlUserThreadStart [0x0x7ff83567c34c+44]

2025_06_13 13_40_46 : No search results - 141-17-3
2025_06_13 13_40_46 : Error processing 141-17-3: Message: invalid session id
Stacktrace:
	GetHandleVerifier [0x0x7ff6a2a4fe75+79173]
	GetHandleVerifier [0x0x7ff6a2a4fed0+79264]
	(No symbol) [0x0x7ff6a2809c8c]
	(No symbol) [0x0x7ff6a28505ef]
	(No symbol) [0x0x7ff6a2888832]
	(No symbol) [0x0x7ff6a2883233]
	(No symbol) [0x0x7ff6a28822f9]
	(No symbol) [0x0x7ff6a27d5fc5]
	GetHandleVerifier [0x0x7ff6a2d1a2ad+3004797]
	GetHandleVerifier [0x0x7ff6a2d146fd+2981325]
	GetHandleVerifier [0x0x7ff6a2d33350+3107360]
	GetHandleVerifier [0x0x7ff6a2a6a9fe+188622]
	GetHandleVerifier [0x0x7ff6a2a7228f+219487]
	(No symbol) [0x0x7ff6a27d5036]
	GetHandleVerifier [0x0x7ff6a2e33c48+4158232]
	BaseThreadInitThunk [0x0x7ff8341ce8d7+23]
	RtlUserThreadStart [0x0x7ff83567c34c+44]

2025_06_13 13_40_46 : No search results - 141-18-4
2025_06_13 13_40_46 : Error processing 141-18-4: Message: invalid session id
Stacktrace:
	GetHandleVerifier [0x0x7ff6a2a4fe75+79173]
	GetHandleVerifier [0x0x7ff6a2a4fed0+79264]
	(No symbol) [0x0x7ff6a2809c8c]
	(No symbol) [0x0x7ff6a28505ef]
	(No symbol) [0x0x7ff6a2888832]
	(No symbol) [0x0x7ff6a2883233]
	(No symbol) [0x0x7ff6a28822f9]
	(No symbol) [0x0x7ff6a27d5fc5]
	GetHandleVerifier [0x0x7ff6a2d1a2ad+3004797]
	GetHandleVerifier [0x0x7ff6a2d146fd+2981325]
	GetHandleVerifier [0x0x7ff6a2d33350+3107360]
	GetHandleVerifier [0x0x7ff6a2a6a9fe+188622]
	GetHandleVerifier [0x0x7ff6a2a7228f+219487]
	(No symbol) [0x0x7ff6a27d5036]
	GetHandleVerifier [0x0x7ff6a2e33c48+4158232]
	BaseThreadInitThunk [0x0x7ff8341ce8d7+23]
	RtlUserThreadStart [0x0x7ff83567c34c+44]

2025_06_13 13_40_46 : No search results - 103-24-2
2025_06_13 13_40_47 : Error processing 103-24-2: Message: invalid session id
Stacktrace:
	GetHandleVerifier [0x0x7ff6a2a4fe75+79173]
	GetHandleVerifier [0x0x7ff6a2a4fed0+79264]
	(No symbol) [0x0x7ff6a2809c8c]
	(No symbol) [0x0x7ff6a28505ef]
	(No symbol) [0x0x7ff6a2888832]
	(No symbol) [0x0x7ff6a2883233]
	(No symbol) [0x0x7ff6a28822f9]
	(No symbol) [0x0x7ff6a27d5fc5]
	GetHandleVerifier [0x0x7ff6a2d1a2ad+3004797]
	GetHandleVerifier [0x0x7ff6a2d146fd+2981325]
	GetHandleVerifier [0x0x7ff6a2d33350+3107360]
	GetHandleVerifier [0x0x7ff6a2a6a9fe+188622]
	GetHandleVerifier [0x0x7ff6a2a7228f+219487]
	(No symbol) [0x0x7ff6a27d5036]
	GetHandleVerifier [0x0x7ff6a2e33c48+4158232]
	BaseThreadInitThunk [0x0x7ff8341ce8d7+23]
	RtlUserThreadStart [0x0x7ff83567c34c+44]

2025_06_13 13_40_47 : No search results - 109-43-3
2025_06_13 13_40_47 : Error processing 109-43-3: Message: invalid session id
Stacktrace:
	GetHandleVerifier [0x0x7ff6a2a4fe75+79173]
	GetHandleVerifier [0x0x7ff6a2a4fed0+79264]
	(No symbol) [0x0x7ff6a2809c8c]
	(No symbol) [0x0x7ff6a28505ef]
	(No symbol) [0x0x7ff6a2888832]
	(No symbol) [0x0x7ff6a2883233]
	(No symbol) [0x0x7ff6a28822f9]
	(No symbol) [0x0x7ff6a27d5fc5]
	GetHandleVerifier [0x0x7ff6a2d1a2ad+3004797]
	GetHandleVerifier [0x0x7ff6a2d146fd+2981325]
	GetHandleVerifier [0x0x7ff6a2d33350+3107360]
	GetHandleVerifier [0x0x7ff6a2a6a9fe+188622]
	GetHandleVerifier [0x0x7ff6a2a7228f+219487]
	(No symbol) [0x0x7ff6a27d5036]
	GetHandleVerifier [0x0x7ff6a2e33c48+4158232]
	BaseThreadInitThunk [0x0x7ff8341ce8d7+23]
	RtlUserThreadStart [0x0x7ff83567c34c+44]

2025_06_13 13_40_47 : No search results - 122-62-3
2025_06_13 13_40_47 : Error processing 122-62-3: Message: invalid session id
Stacktrace:
	GetHandleVerifier [0x0x7ff6a2a4fe75+79173]
	GetHandleVerifier [0x0x7ff6a2a4fed0+79264]
	(No symbol) [0x0x7ff6a2809c8c]
	(No symbol) [0x0x7ff6a28505ef]
	(No symbol) [0x0x7ff6a2888832]
	(No symbol) [0x0x7ff6a2883233]
	(No symbol) [0x0x7ff6a28822f9]
	(No symbol) [0x0x7ff6a27d5fc5]
	GetHandleVerifier [0x0x7ff6a2d1a2ad+3004797]
	GetHandleVerifier [0x0x7ff6a2d146fd+2981325]
	GetHandleVerifier [0x0x7ff6a2d33350+3107360]
	GetHandleVerifier [0x0x7ff6a2a6a9fe+188622]
	GetHandleVerifier [0x0x7ff6a2a7228f+219487]
	(No symbol) [0x0x7ff6a27d5036]
	GetHandleVerifier [0x0x7ff6a2e33c48+4158232]
	BaseThreadInitThunk [0x0x7ff8341ce8d7+23]
	RtlUserThreadStart [0x0x7ff83567c34c+44]

2025_06_13 13_40_47 : No search results - 105-76
2025_06_13 13_40_47 : Error processing 105-76: Message: invalid session id
Stacktrace:
	GetHandleVerifier [0x0x7ff6a2a4fe75+79173]
	GetHandleVerifier [0x0x7ff6a2a4fed0+79264]
	(No symbol) [0x0x7ff6a2809c8c]
	(No symbol) [0x0x7ff6a28505ef]
	(No symbol) [0x0x7ff6a2888832]
	(No symbol) [0x0x7ff6a2883233]
	(No symbol) [0x0x7ff6a28822f9]
	(No symbol) [0x0x7ff6a27d5fc5]
	GetHandleVerifier [0x0x7ff6a2d1a2ad+3004797]
	GetHandleVerifier [0x0x7ff6a2d146fd+2981325]
	GetHandleVerifier [0x0x7ff6a2d33350+3107360]
	GetHandleVerifier [0x0x7ff6a2a6a9fe+188622]
	GetHandleVerifier [0x0x7ff6a2a7228f+219487]
	(No symbol) [0x0x7ff6a27d5036]
	GetHandleVerifier [0x0x7ff6a2e33c48+4158232]
	BaseThreadInitThunk [0x0x7ff8341ce8d7+23]
	RtlUserThreadStart [0x0x7ff83567c34c+44]

2025_06_13 13_40_47 : No search results - 142-16-5
2025_06_13 13_40_47 : Error processing 142-16-5: Message: invalid session id
Stacktrace:
	GetHandleVerifier [0x0x7ff6a2a4fe75+79173]
	GetHandleVerifier [0x0x7ff6a2a4fed0+79264]
	(No symbol) [0x0x7ff6a2809c8c]
	(No symbol) [0x0x7ff6a28505ef]
	(No symbol) [0x0x7ff6a2888832]
	(No symbol) [0x0x7ff6a2883233]
	(No symbol) [0x0x7ff6a28822f9]
	(No symbol) [0x0x7ff6a27d5fc5]
	GetHandleVerifier [0x0x7ff6a2d1a2ad+3004797]
	GetHandleVerifier [0x0x7ff6a2d146fd+2981325]
	GetHandleVerifier [0x0x7ff6a2d33350+3107360]
	GetHandleVerifier [0x0x7ff6a2a6a9fe+188622]
	GetHandleVerifier [0x0x7ff6a2a7228f+219487]
	(No symbol) [0x0x7ff6a27d5036]
	GetHandleVerifier [0x0x7ff6a2e33c48+4158232]
	BaseThreadInitThunk [0x0x7ff8341ce8d7+23]
	RtlUserThreadStart [0x0x7ff83567c34c+44]

2025_06_13 13_40_47 : No search results - 105-75-9
2025_06_13 13_40_47 : Error processing 105-75-9: Message: invalid session id
Stacktrace:
	GetHandleVerifier [0x0x7ff6a2a4fe75+79173]
	GetHandleVerifier [0x0x7ff6a2a4fed0+79264]
	(No symbol) [0x0x7ff6a2809c8c]
	(No symbol) [0x0x7ff6a28505ef]
	(No symbol) [0x0x7ff6a2888832]
	(No symbol) [0x0x7ff6a2883233]
	(No symbol) [0x0x7ff6a28822f9]
	(No symbol) [0x0x7ff6a27d5fc5]
	GetHandleVerifier [0x0x7ff6a2d1a2ad+3004797]
	GetHandleVerifier [0x0x7ff6a2d146fd+2981325]
	GetHandleVerifier [0x0x7ff6a2d33350+3107360]
	GetHandleVerifier [0x0x7ff6a2a6a9fe+188622]
	GetHandleVerifier [0x0x7ff6a2a7228f+219487]
	(No symbol) [0x0x7ff6a27d5036]
	GetHandleVerifier [0x0x7ff6a2e33c48+4158232]
	BaseThreadInitThunk [0x0x7ff8341ce8d7+23]
	RtlUserThreadStart [0x0x7ff83567c34c+44]

2025_06_13 13_40_47 : No search results - 1330-78-5
2025_06_13 13_40_47 : Error processing 1330-78-5: Message: invalid session id
Stacktrace:
	GetHandleVerifier [0x0x7ff6a2a4fe75+79173]
	GetHandleVerifier [0x0x7ff6a2a4fed0+79264]
	(No symbol) [0x0x7ff6a2809c8c]
	(No symbol) [0x0x7ff6a28505ef]
	(No symbol) [0x0x7ff6a2888832]
	(No symbol) [0x0x7ff6a2883233]
	(No symbol) [0x0x7ff6a28822f9]
	(No symbol) [0x0x7ff6a27d5fc5]
	GetHandleVerifier [0x0x7ff6a2d1a2ad+3004797]
	GetHandleVerifier [0x0x7ff6a2d146fd+2981325]
	GetHandleVerifier [0x0x7ff6a2d33350+3107360]
	GetHandleVerifier [0x0x7ff6a2a6a9fe+188622]
	GetHandleVerifier [0x0x7ff6a2a7228f+219487]
	(No symbol) [0x0x7ff6a27d5036]
	GetHandleVerifier [0x0x7ff6a2e33c48+4158232]
	BaseThreadInitThunk [0x0x7ff8341ce8d7+23]
	RtlUserThreadStart [0x0x7ff83567c34c+44]

2025_06_13 13_40_47 : No search results - 78-40-0
2025_06_13 13_40_47 : Error processing 78-40-0: Message: invalid session id
Stacktrace:
	GetHandleVerifier [0x0x7ff6a2a4fe75+79173]
	GetHandleVerifier [0x0x7ff6a2a4fed0+79264]
	(No symbol) [0x0x7ff6a2809c8c]
	(No symbol) [0x0x7ff6a28505ef]
	(No symbol) [0x0x7ff6a2888832]
	(No symbol) [0x0x7ff6a2883233]
	(No symbol) [0x0x7ff6a28822f9]
	(No symbol) [0x0x7ff6a27d5fc5]
	GetHandleVerifier [0x0x7ff6a2d1a2ad+3004797]
	GetHandleVerifier [0x0x7ff6a2d146fd+2981325]
	GetHandleVerifier [0x0x7ff6a2d33350+3107360]
	GetHandleVerifier [0x0x7ff6a2a6a9fe+188622]
	GetHandleVerifier [0x0x7ff6a2a7228f+219487]
	(No symbol) [0x0x7ff6a27d5036]
	GetHandleVerifier [0x0x7ff6a2e33c48+4158232]
	BaseThreadInitThunk [0x0x7ff8341ce8d7+23]
	RtlUserThreadStart [0x0x7ff83567c34c+44]

2025_06_13 13_40_47 : No search results - 126-73-8
2025_06_13 13_40_47 : Error processing 126-73-8: Message: invalid session id
Stacktrace:
	GetHandleVerifier [0x0x7ff6a2a4fe75+79173]
	GetHandleVerifier [0x0x7ff6a2a4fed0+79264]
	(No symbol) [0x0x7ff6a2809c8c]
	(No symbol) [0x0x7ff6a28505ef]
	(No symbol) [0x0x7ff6a2888832]
	(No symbol) [0x0x7ff6a2883233]
	(No symbol) [0x0x7ff6a28822f9]
	(No symbol) [0x0x7ff6a27d5fc5]
	GetHandleVerifier [0x0x7ff6a2d1a2ad+3004797]
	GetHandleVerifier [0x0x7ff6a2d146fd+2981325]
	GetHandleVerifier [0x0x7ff6a2d33350+3107360]
	GetHandleVerifier [0x0x7ff6a2a6a9fe+188622]
	GetHandleVerifier [0x0x7ff6a2a7228f+219487]
	(No symbol) [0x0x7ff6a27d5036]
	GetHandleVerifier [0x0x7ff6a2e33c48+4158232]
	BaseThreadInitThunk [0x0x7ff8341ce8d7+23]
	RtlUserThreadStart [0x0x7ff83567c34c+44]

2025_06_13 13_40_47 : No search results - 78-42-2
2025_06_13 13_40_47 : Error processing 78-42-2 : Message: invalid session id
Stacktrace:
	GetHandleVerifier [0x0x7ff6a2a4fe75+79173]
	GetHandleVerifier [0x0x7ff6a2a4fed0+79264]
	(No symbol) [0x0x7ff6a2809c8c]
	(No symbol) [0x0x7ff6a28505ef]
	(No symbol) [0x0x7ff6a2888832]
	(No symbol) [0x0x7ff6a2883233]
	(No symbol) [0x0x7ff6a28822f9]
	(No symbol) [0x0x7ff6a27d5fc5]
	GetHandleVerifier [0x0x7ff6a2d1a2ad+3004797]
	GetHandleVerifier [0x0x7ff6a2d146fd+2981325]
	GetHandleVerifier [0x0x7ff6a2d33350+3107360]
	GetHandleVerifier [0x0x7ff6a2a6a9fe+188622]
	GetHandleVerifier [0x0x7ff6a2a7228f+219487]
	(No symbol) [0x0x7ff6a27d5036]
	GetHandleVerifier [0x0x7ff6a2e33c48+4158232]
	BaseThreadInitThunk [0x0x7ff8341ce8d7+23]
	RtlUserThreadStart [0x0x7ff83567c34c+44]

2025_06_13 13_40_47 : No search results - 78-51-3
2025_06_13 13_40_47 : Error processing 78-51-3: Message: invalid session id
Stacktrace:
	GetHandleVerifier [0x0x7ff6a2a4fe75+79173]
	GetHandleVerifier [0x0x7ff6a2a4fed0+79264]
	(No symbol) [0x0x7ff6a2809c8c]
	(No symbol) [0x0x7ff6a28505ef]
	(No symbol) [0x0x7ff6a2888832]
	(No symbol) [0x0x7ff6a2883233]
	(No symbol) [0x0x7ff6a28822f9]
	(No symbol) [0x0x7ff6a27d5fc5]
	GetHandleVerifier [0x0x7ff6a2d1a2ad+3004797]
	GetHandleVerifier [0x0x7ff6a2d146fd+2981325]
	GetHandleVerifier [0x0x7ff6a2d33350+3107360]
	GetHandleVerifier [0x0x7ff6a2a6a9fe+188622]
	GetHandleVerifier [0x0x7ff6a2a7228f+219487]
	(No symbol) [0x0x7ff6a27d5036]
	GetHandleVerifier [0x0x7ff6a2e33c48+4158232]
	BaseThreadInitThunk [0x0x7ff8341ce8d7+23]
	RtlUserThreadStart [0x0x7ff83567c34c+44]

2025_06_13 13_40_47 : No search results - 115-86-6
2025_06_13 13_40_47 : Error processing 115-86-6: Message: invalid session id
Stacktrace:
	GetHandleVerifier [0x0x7ff6a2a4fe75+79173]
	GetHandleVerifier [0x0x7ff6a2a4fed0+79264]
	(No symbol) [0x0x7ff6a2809c8c]
	(No symbol) [0x0x7ff6a28505ef]
	(No symbol) [0x0x7ff6a2888832]
	(No symbol) [0x0x7ff6a2883233]
	(No symbol) [0x0x7ff6a28822f9]
	(No symbol) [0x0x7ff6a27d5fc5]
	GetHandleVerifier [0x0x7ff6a2d1a2ad+3004797]
	GetHandleVerifier [0x0x7ff6a2d146fd+2981325]
	GetHandleVerifier [0x0x7ff6a2d33350+3107360]
	GetHandleVerifier [0x0x7ff6a2a6a9fe+188622]
	GetHandleVerifier [0x0x7ff6a2a7228f+219487]
	(No symbol) [0x0x7ff6a27d5036]
	GetHandleVerifier [0x0x7ff6a2e33c48+4158232]
	BaseThreadInitThunk [0x0x7ff8341ce8d7+23]
	RtlUserThreadStart [0x0x7ff83567c34c+44]

2025_06_13 13_40_47 : No search results - 26444-49-5
2025_06_13 13_40_47 : Error processing 26444-49-5: Message: invalid session id
Stacktrace:
	GetHandleVerifier [0x0x7ff6a2a4fe75+79173]
	GetHandleVerifier [0x0x7ff6a2a4fed0+79264]
	(No symbol) [0x0x7ff6a2809c8c]
	(No symbol) [0x0x7ff6a28505ef]
	(No symbol) [0x0x7ff6a2888832]
	(No symbol) [0x0x7ff6a2883233]
	(No symbol) [0x0x7ff6a28822f9]
	(No symbol) [0x0x7ff6a27d5fc5]
	GetHandleVerifier [0x0x7ff6a2d1a2ad+3004797]
	GetHandleVerifier [0x0x7ff6a2d146fd+2981325]
	GetHandleVerifier [0x0x7ff6a2d33350+3107360]
	GetHandleVerifier [0x0x7ff6a2a6a9fe+188622]
	GetHandleVerifier [0x0x7ff6a2a7228f+219487]
	(No symbol) [0x0x7ff6a27d5036]
	GetHandleVerifier [0x0x7ff6a2e33c48+4158232]
	BaseThreadInitThunk [0x0x7ff8341ce8d7+23]
	RtlUserThreadStart [0x0x7ff83567c34c+44]

2025_06_13 13_40_47 : No search results - 77-89-4
2025_06_13 13_40_47 : Error processing 77-89-4: Message: invalid session id
Stacktrace:
	GetHandleVerifier [0x0x7ff6a2a4fe75+79173]
	GetHandleVerifier [0x0x7ff6a2a4fed0+79264]
	(No symbol) [0x0x7ff6a2809c8c]
	(No symbol) [0x0x7ff6a28505ef]
	(No symbol) [0x0x7ff6a2888832]
	(No symbol) [0x0x7ff6a2883233]
	(No symbol) [0x0x7ff6a28822f9]
	(No symbol) [0x0x7ff6a27d5fc5]
	GetHandleVerifier [0x0x7ff6a2d1a2ad+3004797]
	GetHandleVerifier [0x0x7ff6a2d146fd+2981325]
	GetHandleVerifier [0x0x7ff6a2d33350+3107360]
	GetHandleVerifier [0x0x7ff6a2a6a9fe+188622]
	GetHandleVerifier [0x0x7ff6a2a7228f+219487]
	(No symbol) [0x0x7ff6a27d5036]
	GetHandleVerifier [0x0x7ff6a2e33c48+4158232]
	BaseThreadInitThunk [0x0x7ff8341ce8d7+23]
	RtlUserThreadStart [0x0x7ff83567c34c+44]

2025_06_13 13_40_47 : No search results - 77-90-7
2025_06_13 13_40_47 : Error processing 77-90-7: Message: invalid session id
Stacktrace:
	GetHandleVerifier [0x0x7ff6a2a4fe75+79173]
	GetHandleVerifier [0x0x7ff6a2a4fed0+79264]
	(No symbol) [0x0x7ff6a2809c8c]
	(No symbol) [0x0x7ff6a28505ef]
	(No symbol) [0x0x7ff6a2888832]
	(No symbol) [0x0x7ff6a2883233]
	(No symbol) [0x0x7ff6a28822f9]
	(No symbol) [0x0x7ff6a27d5fc5]
	GetHandleVerifier [0x0x7ff6a2d1a2ad+3004797]
	GetHandleVerifier [0x0x7ff6a2d146fd+2981325]
	GetHandleVerifier [0x0x7ff6a2d33350+3107360]
	GetHandleVerifier [0x0x7ff6a2a6a9fe+188622]
	GetHandleVerifier [0x0x7ff6a2a7228f+219487]
	(No symbol) [0x0x7ff6a27d5036]
	GetHandleVerifier [0x0x7ff6a2e33c48+4158232]
	BaseThreadInitThunk [0x0x7ff8341ce8d7+23]
	RtlUserThreadStart [0x0x7ff83567c34c+44]

2025_06_13 13_41_30 : No search results - 131-11-3
2025_06_13 13_41_30 : Error processing 131-11-3: Message: invalid session id
Stacktrace:
	GetHandleVerifier [0x0x7ff6a2a4fe75+79173]
	GetHandleVerifier [0x0x7ff6a2a4fed0+79264]
	(No symbol) [0x0x7ff6a2809c8c]
	(No symbol) [0x0x7ff6a28505ef]
	(No symbol) [0x0x7ff6a2888832]
	(No symbol) [0x0x7ff6a2883233]
	(No symbol) [0x0x7ff6a28822f9]
	(No symbol) [0x0x7ff6a27d5fc5]
	GetHandleVerifier [0x0x7ff6a2d1a2ad+3004797]
	GetHandleVerifier [0x0x7ff6a2d146fd+2981325]
	GetHandleVerifier [0x0x7ff6a2d33350+3107360]
	GetHandleVerifier [0x0x7ff6a2a6a9fe+188622]
	GetHandleVerifier [0x0x7ff6a2a7228f+219487]
	(No symbol) [0x0x7ff6a27d5036]
	GetHandleVerifier [0x0x7ff6a2e33c48+4158232]
	BaseThreadInitThunk [0x0x7ff8341ce8d7+23]
	RtlUserThreadStart [0x0x7ff83567c34c+44]

2025_06_13 13_41_30 : No search results - 84-66-2
2025_06_13 13_41_30 : Error processing 84-66-2: Message: invalid session id
Stacktrace:
	GetHandleVerifier [0x0x7ff6a2a4fe75+79173]
	GetHandleVerifier [0x0x7ff6a2a4fed0+79264]
	(No symbol) [0x0x7ff6a2809c8c]
	(No symbol) [0x0x7ff6a28505ef]
	(No symbol) [0x0x7ff6a2888832]
	(No symbol) [0x0x7ff6a2883233]
	(No symbol) [0x0x7ff6a28822f9]
	(No symbol) [0x0x7ff6a27d5fc5]
	GetHandleVerifier [0x0x7ff6a2d1a2ad+3004797]
	GetHandleVerifier [0x0x7ff6a2d146fd+2981325]
	GetHandleVerifier [0x0x7ff6a2d33350+3107360]
	GetHandleVerifier [0x0x7ff6a2a6a9fe+188622]
	GetHandleVerifier [0x0x7ff6a2a7228f+219487]
	(No symbol) [0x0x7ff6a27d5036]
	GetHandleVerifier [0x0x7ff6a2e33c48+4158232]
	BaseThreadInitThunk [0x0x7ff8341ce8d7+23]
	RtlUserThreadStart [0x0x7ff83567c34c+44]

2025_06_13 13_41_30 : No search results - 84-74-2
2025_06_13 13_41_30 : Error processing 84-74-2: Message: invalid session id
Stacktrace:
	GetHandleVerifier [0x0x7ff6a2a4fe75+79173]
	GetHandleVerifier [0x0x7ff6a2a4fed0+79264]
	(No symbol) [0x0x7ff6a2809c8c]
	(No symbol) [0x0x7ff6a28505ef]
	(No symbol) [0x0x7ff6a2888832]
	(No symbol) [0x0x7ff6a2883233]
	(No symbol) [0x0x7ff6a28822f9]
	(No symbol) [0x0x7ff6a27d5fc5]
	GetHandleVerifier [0x0x7ff6a2d1a2ad+3004797]
	GetHandleVerifier [0x0x7ff6a2d146fd+2981325]
	GetHandleVerifier [0x0x7ff6a2d33350+3107360]
	GetHandleVerifier [0x0x7ff6a2a6a9fe+188622]
	GetHandleVerifier [0x0x7ff6a2a7228f+219487]
	(No symbol) [0x0x7ff6a27d5036]
	GetHandleVerifier [0x0x7ff6a2e33c48+4158232]
	BaseThreadInitThunk [0x0x7ff8341ce8d7+23]
	RtlUserThreadStart [0x0x7ff83567c34c+44]

2025_06_13 13_41_30 : No search results - 117-81-7
2025_06_13 13_41_30 : Error processing 117-81-7: Message: invalid session id
Stacktrace:
	GetHandleVerifier [0x0x7ff6a2a4fe75+79173]
	GetHandleVerifier [0x0x7ff6a2a4fed0+79264]
	(No symbol) [0x0x7ff6a2809c8c]
	(No symbol) [0x0x7ff6a28505ef]
	(No symbol) [0x0x7ff6a2888832]
	(No symbol) [0x0x7ff6a2883233]
	(No symbol) [0x0x7ff6a28822f9]
	(No symbol) [0x0x7ff6a27d5fc5]
	GetHandleVerifier [0x0x7ff6a2d1a2ad+3004797]
	GetHandleVerifier [0x0x7ff6a2d146fd+2981325]
	GetHandleVerifier [0x0x7ff6a2d33350+3107360]
	GetHandleVerifier [0x0x7ff6a2a6a9fe+188622]
	GetHandleVerifier [0x0x7ff6a2a7228f+219487]
	(No symbol) [0x0x7ff6a27d5036]
	GetHandleVerifier [0x0x7ff6a2e33c48+4158232]
	BaseThreadInitThunk [0x0x7ff8341ce8d7+23]
	RtlUserThreadStart [0x0x7ff83567c34c+44]

2025_06_13 13_41_30 : No search results - 28553-12-0
2025_06_13 13_41_30 : Error processing 28553-12-0: Message: invalid session id
Stacktrace:
	GetHandleVerifier [0x0x7ff6a2a4fe75+79173]
	GetHandleVerifier [0x0x7ff6a2a4fed0+79264]
	(No symbol) [0x0x7ff6a2809c8c]
	(No symbol) [0x0x7ff6a28505ef]
	(No symbol) [0x0x7ff6a2888832]
	(No symbol) [0x0x7ff6a2883233]
	(No symbol) [0x0x7ff6a28822f9]
	(No symbol) [0x0x7ff6a27d5fc5]
	GetHandleVerifier [0x0x7ff6a2d1a2ad+3004797]
	GetHandleVerifier [0x0x7ff6a2d146fd+2981325]
	GetHandleVerifier [0x0x7ff6a2d33350+3107360]
	GetHandleVerifier [0x0x7ff6a2a6a9fe+188622]
	GetHandleVerifier [0x0x7ff6a2a7228f+219487]
	(No symbol) [0x0x7ff6a27d5036]
	GetHandleVerifier [0x0x7ff6a2e33c48+4158232]
	BaseThreadInitThunk [0x0x7ff8341ce8d7+23]
	RtlUserThreadStart [0x0x7ff83567c34c+44]

2025_06_13 13_41_30 : No search results - 26761-40-0
2025_06_13 13_41_30 : Error processing 26761-40-0: Message: invalid session id
Stacktrace:
	GetHandleVerifier [0x0x7ff6a2a4fe75+79173]
	GetHandleVerifier [0x0x7ff6a2a4fed0+79264]
	(No symbol) [0x0x7ff6a2809c8c]
	(No symbol) [0x0x7ff6a28505ef]
	(No symbol) [0x0x7ff6a2888832]
	(No symbol) [0x0x7ff6a2883233]
	(No symbol) [0x0x7ff6a28822f9]
	(No symbol) [0x0x7ff6a27d5fc5]
	GetHandleVerifier [0x0x7ff6a2d1a2ad+3004797]
	GetHandleVerifier [0x0x7ff6a2d146fd+2981325]
	GetHandleVerifier [0x0x7ff6a2d33350+3107360]
	GetHandleVerifier [0x0x7ff6a2a6a9fe+188622]
	GetHandleVerifier [0x0x7ff6a2a7228f+219487]
	(No symbol) [0x0x7ff6a27d5036]
	GetHandleVerifier [0x0x7ff6a2e33c48+4158232]
	BaseThreadInitThunk [0x0x7ff8341ce8d7+23]
	RtlUserThreadStart [0x0x7ff83567c34c+44]

2025_06_13 13_41_30 : No search results - 85507-79-5
2025_06_13 13_41_30 : Error processing 85507-79-5: Message: invalid session id
Stacktrace:
	GetHandleVerifier [0x0x7ff6a2a4fe75+79173]
	GetHandleVerifier [0x0x7ff6a2a4fed0+79264]
	(No symbol) [0x0x7ff6a2809c8c]
	(No symbol) [0x0x7ff6a28505ef]
	(No symbol) [0x0x7ff6a2888832]
	(No symbol) [0x0x7ff6a2883233]
	(No symbol) [0x0x7ff6a28822f9]
	(No symbol) [0x0x7ff6a27d5fc5]
	GetHandleVerifier [0x0x7ff6a2d1a2ad+3004797]
	GetHandleVerifier [0x0x7ff6a2d146fd+2981325]
	GetHandleVerifier [0x0x7ff6a2d33350+3107360]
	GetHandleVerifier [0x0x7ff6a2a6a9fe+188622]
	GetHandleVerifier [0x0x7ff6a2a7228f+219487]
	(No symbol) [0x0x7ff6a27d5036]
	GetHandleVerifier [0x0x7ff6a2e33c48+4158232]
	BaseThreadInitThunk [0x0x7ff8341ce8d7+23]
	RtlUserThreadStart [0x0x7ff83567c34c+44]

2025_06_13 13_41_30 : No search results - 27253-26-5
2025_06_13 13_41_30 : Error processing 27253-26-5: Message: invalid session id
Stacktrace:
	GetHandleVerifier [0x0x7ff6a2a4fe75+79173]
	GetHandleVerifier [0x0x7ff6a2a4fed0+79264]
	(No symbol) [0x0x7ff6a2809c8c]
	(No symbol) [0x0x7ff6a28505ef]
	(No symbol) [0x0x7ff6a2888832]
	(No symbol) [0x0x7ff6a2883233]
	(No symbol) [0x0x7ff6a28822f9]
	(No symbol) [0x0x7ff6a27d5fc5]
	GetHandleVerifier [0x0x7ff6a2d1a2ad+3004797]
	GetHandleVerifier [0x0x7ff6a2d146fd+2981325]
	GetHandleVerifier [0x0x7ff6a2d33350+3107360]
	GetHandleVerifier [0x0x7ff6a2a6a9fe+188622]
	GetHandleVerifier [0x0x7ff6a2a7228f+219487]
	(No symbol) [0x0x7ff6a27d5036]
	GetHandleVerifier [0x0x7ff6a2e33c48+4158232]
	BaseThreadInitThunk [0x0x7ff8341ce8d7+23]
	RtlUserThreadStart [0x0x7ff83567c34c+44]

2025_06_13 13_41_30 : No search results - 85-68-7
2025_06_13 13_41_30 : Error processing 85-68-7: Message: invalid session id
Stacktrace:
	GetHandleVerifier [0x0x7ff6a2a4fe75+79173]
	GetHandleVerifier [0x0x7ff6a2a4fed0+79264]
	(No symbol) [0x0x7ff6a2809c8c]
	(No symbol) [0x0x7ff6a28505ef]
	(No symbol) [0x0x7ff6a2888832]
	(No symbol) [0x0x7ff6a2883233]
	(No symbol) [0x0x7ff6a28822f9]
	(No symbol) [0x0x7ff6a27d5fc5]
	GetHandleVerifier [0x0x7ff6a2d1a2ad+3004797]
	GetHandleVerifier [0x0x7ff6a2d146fd+2981325]
	GetHandleVerifier [0x0x7ff6a2d33350+3107360]
	GetHandleVerifier [0x0x7ff6a2a6a9fe+188622]
	GetHandleVerifier [0x0x7ff6a2a7228f+219487]
	(No symbol) [0x0x7ff6a27d5036]
	GetHandleVerifier [0x0x7ff6a2e33c48+4158232]
	BaseThreadInitThunk [0x0x7ff8341ce8d7+23]
	RtlUserThreadStart [0x0x7ff83567c34c+44]

2025_06_13 13_41_30 : No search results - 84-61-7
2025_06_13 13_41_30 : Error processing 84-61-7: Message: invalid session id
Stacktrace:
	GetHandleVerifier [0x0x7ff6a2a4fe75+79173]
	GetHandleVerifier [0x0x7ff6a2a4fed0+79264]
	(No symbol) [0x0x7ff6a2809c8c]
	(No symbol) [0x0x7ff6a28505ef]
	(No symbol) [0x0x7ff6a2888832]
	(No symbol) [0x0x7ff6a2883233]
	(No symbol) [0x0x7ff6a28822f9]
	(No symbol) [0x0x7ff6a27d5fc5]
	GetHandleVerifier [0x0x7ff6a2d1a2ad+3004797]
	GetHandleVerifier [0x0x7ff6a2d146fd+2981325]
	GetHandleVerifier [0x0x7ff6a2d33350+3107360]
	GetHandleVerifier [0x0x7ff6a2a6a9fe+188622]
	GetHandleVerifier [0x0x7ff6a2a7228f+219487]
	(No symbol) [0x0x7ff6a27d5036]
	GetHandleVerifier [0x0x7ff6a2e33c48+4158232]
	BaseThreadInitThunk [0x0x7ff8341ce8d7+23]
	RtlUserThreadStart [0x0x7ff83567c34c+44]

2025_06_13 13_41_30 : No search results - 137-89-3
2025_06_13 13_41_30 : Error processing 137-89-3: Message: invalid session id
Stacktrace:
	GetHandleVerifier [0x0x7ff6a2a4fe75+79173]
	GetHandleVerifier [0x0x7ff6a2a4fed0+79264]
	(No symbol) [0x0x7ff6a2809c8c]
	(No symbol) [0x0x7ff6a28505ef]
	(No symbol) [0x0x7ff6a2888832]
	(No symbol) [0x0x7ff6a2883233]
	(No symbol) [0x0x7ff6a28822f9]
	(No symbol) [0x0x7ff6a27d5fc5]
	GetHandleVerifier [0x0x7ff6a2d1a2ad+3004797]
	GetHandleVerifier [0x0x7ff6a2d146fd+2981325]
	GetHandleVerifier [0x0x7ff6a2d33350+3107360]
	GetHandleVerifier [0x0x7ff6a2a6a9fe+188622]
	GetHandleVerifier [0x0x7ff6a2a7228f+219487]
	(No symbol) [0x0x7ff6a27d5036]
	GetHandleVerifier [0x0x7ff6a2e33c48+4158232]
	BaseThreadInitThunk [0x0x7ff8341ce8d7+23]
	RtlUserThreadStart [0x0x7ff83567c34c+44]

2025_06_13 13_41_30 : No search results - 6422-86-2
2025_06_13 13_41_30 : Error processing 6422-86-2: Message: invalid session id
Stacktrace:
	GetHandleVerifier [0x0x7ff6a2a4fe75+79173]
	GetHandleVerifier [0x0x7ff6a2a4fed0+79264]
	(No symbol) [0x0x7ff6a2809c8c]
	(No symbol) [0x0x7ff6a28505ef]
	(No symbol) [0x0x7ff6a2888832]
	(No symbol) [0x0x7ff6a2883233]
	(No symbol) [0x0x7ff6a28822f9]
	(No symbol) [0x0x7ff6a27d5fc5]
	GetHandleVerifier [0x0x7ff6a2d1a2ad+3004797]
	GetHandleVerifier [0x0x7ff6a2d146fd+2981325]
	GetHandleVerifier [0x0x7ff6a2d33350+3107360]
	GetHandleVerifier [0x0x7ff6a2a6a9fe+188622]
	GetHandleVerifier [0x0x7ff6a2a7228f+219487]
	(No symbol) [0x0x7ff6a27d5036]
	GetHandleVerifier [0x0x7ff6a2e33c48+4158232]
	BaseThreadInitThunk [0x0x7ff8341ce8d7+23]
	RtlUserThreadStart [0x0x7ff83567c34c+44]

2025_06_13 13_41_30 : No search results - 103-23-1
2025_06_13 13_41_30 : Error processing 103-23-1: Message: invalid session id
Stacktrace:
	GetHandleVerifier [0x0x7ff6a2a4fe75+79173]
	GetHandleVerifier [0x0x7ff6a2a4fed0+79264]
	(No symbol) [0x0x7ff6a2809c8c]
	(No symbol) [0x0x7ff6a28505ef]
	(No symbol) [0x0x7ff6a2888832]
	(No symbol) [0x0x7ff6a2883233]
	(No symbol) [0x0x7ff6a28822f9]
	(No symbol) [0x0x7ff6a27d5fc5]
	GetHandleVerifier [0x0x7ff6a2d1a2ad+3004797]
	GetHandleVerifier [0x0x7ff6a2d146fd+2981325]
	GetHandleVerifier [0x0x7ff6a2d33350+3107360]
	GetHandleVerifier [0x0x7ff6a2a6a9fe+188622]
	GetHandleVerifier [0x0x7ff6a2a7228f+219487]
	(No symbol) [0x0x7ff6a27d5036]
	GetHandleVerifier [0x0x7ff6a2e33c48+4158232]
	BaseThreadInitThunk [0x0x7ff8341ce8d7+23]
	RtlUserThreadStart [0x0x7ff83567c34c+44]

2025_06_13 13_41_30 : No search results - 33703-08-01
2025_06_13 13_41_30 : Error processing 33703-08-01: Message: invalid session id
Stacktrace:
	GetHandleVerifier [0x0x7ff6a2a4fe75+79173]
	GetHandleVerifier [0x0x7ff6a2a4fed0+79264]
	(No symbol) [0x0x7ff6a2809c8c]
	(No symbol) [0x0x7ff6a28505ef]
	(No symbol) [0x0x7ff6a2888832]
	(No symbol) [0x0x7ff6a2883233]
	(No symbol) [0x0x7ff6a28822f9]
	(No symbol) [0x0x7ff6a27d5fc5]
	GetHandleVerifier [0x0x7ff6a2d1a2ad+3004797]
	GetHandleVerifier [0x0x7ff6a2d146fd+2981325]
	GetHandleVerifier [0x0x7ff6a2d33350+3107360]
	GetHandleVerifier [0x0x7ff6a2a6a9fe+188622]
	GetHandleVerifier [0x0x7ff6a2a7228f+219487]
	(No symbol) [0x0x7ff6a27d5036]
	GetHandleVerifier [0x0x7ff6a2e33c48+4158232]
	BaseThreadInitThunk [0x0x7ff8341ce8d7+23]
	RtlUserThreadStart [0x0x7ff83567c34c+44]

2025_06_13 13_41_30 : No search results - 27178-16-1
2025_06_13 13_41_30 : Error processing 27178-16-1: Message: invalid session id
Stacktrace:
	GetHandleVerifier [0x0x7ff6a2a4fe75+79173]
	GetHandleVerifier [0x0x7ff6a2a4fed0+79264]
	(No symbol) [0x0x7ff6a2809c8c]
	(No symbol) [0x0x7ff6a28505ef]
	(No symbol) [0x0x7ff6a2888832]
	(No symbol) [0x0x7ff6a2883233]
	(No symbol) [0x0x7ff6a28822f9]
	(No symbol) [0x0x7ff6a27d5fc5]
	GetHandleVerifier [0x0x7ff6a2d1a2ad+3004797]
	GetHandleVerifier [0x0x7ff6a2d146fd+2981325]
	GetHandleVerifier [0x0x7ff6a2d33350+3107360]
	GetHandleVerifier [0x0x7ff6a2a6a9fe+188622]
	GetHandleVerifier [0x0x7ff6a2a7228f+219487]
	(No symbol) [0x0x7ff6a27d5036]
	GetHandleVerifier [0x0x7ff6a2e33c48+4158232]
	BaseThreadInitThunk [0x0x7ff8341ce8d7+23]
	RtlUserThreadStart [0x0x7ff83567c34c+44]

2025_06_13 13_41_30 : No search results - 103-23-1
2025_06_13 13_41_30 : Error processing 103-23-1: Message: invalid session id
Stacktrace:
	GetHandleVerifier [0x0x7ff6a2a4fe75+79173]
	GetHandleVerifier [0x0x7ff6a2a4fed0+79264]
	(No symbol) [0x0x7ff6a2809c8c]
	(No symbol) [0x0x7ff6a28505ef]
	(No symbol) [0x0x7ff6a2888832]
	(No symbol) [0x0x7ff6a2883233]
	(No symbol) [0x0x7ff6a28822f9]
	(No symbol) [0x0x7ff6a27d5fc5]
	GetHandleVerifier [0x0x7ff6a2d1a2ad+3004797]
	GetHandleVerifier [0x0x7ff6a2d146fd+2981325]
	GetHandleVerifier [0x0x7ff6a2d33350+3107360]
	GetHandleVerifier [0x0x7ff6a2a6a9fe+188622]
	GetHandleVerifier [0x0x7ff6a2a7228f+219487]
	(No symbol) [0x0x7ff6a27d5036]
	GetHandleVerifier [0x0x7ff6a2e33c48+4158232]
	BaseThreadInitThunk [0x0x7ff8341ce8d7+23]
	RtlUserThreadStart [0x0x7ff83567c34c+44]

2025_06_13 13_41_30 : No search results - 141-17-3
2025_06_13 13_41_30 : Error processing 141-17-3: Message: invalid session id
Stacktrace:
	GetHandleVerifier [0x0x7ff6a2a4fe75+79173]
	GetHandleVerifier [0x0x7ff6a2a4fed0+79264]
	(No symbol) [0x0x7ff6a2809c8c]
	(No symbol) [0x0x7ff6a28505ef]
	(No symbol) [0x0x7ff6a2888832]
	(No symbol) [0x0x7ff6a2883233]
	(No symbol) [0x0x7ff6a28822f9]
	(No symbol) [0x0x7ff6a27d5fc5]
	GetHandleVerifier [0x0x7ff6a2d1a2ad+3004797]
	GetHandleVerifier [0x0x7ff6a2d146fd+2981325]
	GetHandleVerifier [0x0x7ff6a2d33350+3107360]
	GetHandleVerifier [0x0x7ff6a2a6a9fe+188622]
	GetHandleVerifier [0x0x7ff6a2a7228f+219487]
	(No symbol) [0x0x7ff6a27d5036]
	GetHandleVerifier [0x0x7ff6a2e33c48+4158232]
	BaseThreadInitThunk [0x0x7ff8341ce8d7+23]
	RtlUserThreadStart [0x0x7ff83567c34c+44]

2025_06_13 13_41_30 : No search results - 141-18-4
2025_06_13 13_41_30 : Error processing 141-18-4: Message: invalid session id
Stacktrace:
	GetHandleVerifier [0x0x7ff6a2a4fe75+79173]
	GetHandleVerifier [0x0x7ff6a2a4fed0+79264]
	(No symbol) [0x0x7ff6a2809c8c]
	(No symbol) [0x0x7ff6a28505ef]
	(No symbol) [0x0x7ff6a2888832]
	(No symbol) [0x0x7ff6a2883233]
	(No symbol) [0x0x7ff6a28822f9]
	(No symbol) [0x0x7ff6a27d5fc5]
	GetHandleVerifier [0x0x7ff6a2d1a2ad+3004797]
	GetHandleVerifier [0x0x7ff6a2d146fd+2981325]
	GetHandleVerifier [0x0x7ff6a2d33350+3107360]
	GetHandleVerifier [0x0x7ff6a2a6a9fe+188622]
	GetHandleVerifier [0x0x7ff6a2a7228f+219487]
	(No symbol) [0x0x7ff6a27d5036]
	GetHandleVerifier [0x0x7ff6a2e33c48+4158232]
	BaseThreadInitThunk [0x0x7ff8341ce8d7+23]
	RtlUserThreadStart [0x0x7ff83567c34c+44]

2025_06_13 13_41_30 : No search results - 103-24-2
2025_06_13 13_41_30 : Error processing 103-24-2: Message: invalid session id
Stacktrace:
	GetHandleVerifier [0x0x7ff6a2a4fe75+79173]
	GetHandleVerifier [0x0x7ff6a2a4fed0+79264]
	(No symbol) [0x0x7ff6a2809c8c]
	(No symbol) [0x0x7ff6a28505ef]
	(No symbol) [0x0x7ff6a2888832]
	(No symbol) [0x0x7ff6a2883233]
	(No symbol) [0x0x7ff6a28822f9]
	(No symbol) [0x0x7ff6a27d5fc5]
	GetHandleVerifier [0x0x7ff6a2d1a2ad+3004797]
	GetHandleVerifier [0x0x7ff6a2d146fd+2981325]
	GetHandleVerifier [0x0x7ff6a2d33350+3107360]
	GetHandleVerifier [0x0x7ff6a2a6a9fe+188622]
	GetHandleVerifier [0x0x7ff6a2a7228f+219487]
	(No symbol) [0x0x7ff6a27d5036]
	GetHandleVerifier [0x0x7ff6a2e33c48+4158232]
	BaseThreadInitThunk [0x0x7ff8341ce8d7+23]
	RtlUserThreadStart [0x0x7ff83567c34c+44]

2025_06_13 13_41_30 : No search results - 109-43-3
2025_06_13 13_41_30 : Error processing 109-43-3: Message: invalid session id
Stacktrace:
	GetHandleVerifier [0x0x7ff6a2a4fe75+79173]
	GetHandleVerifier [0x0x7ff6a2a4fed0+79264]
	(No symbol) [0x0x7ff6a2809c8c]
	(No symbol) [0x0x7ff6a28505ef]
	(No symbol) [0x0x7ff6a2888832]
	(No symbol) [0x0x7ff6a2883233]
	(No symbol) [0x0x7ff6a28822f9]
	(No symbol) [0x0x7ff6a27d5fc5]
	GetHandleVerifier [0x0x7ff6a2d1a2ad+3004797]
	GetHandleVerifier [0x0x7ff6a2d146fd+2981325]
	GetHandleVerifier [0x0x7ff6a2d33350+3107360]
	GetHandleVerifier [0x0x7ff6a2a6a9fe+188622]
	GetHandleVerifier [0x0x7ff6a2a7228f+219487]
	(No symbol) [0x0x7ff6a27d5036]
	GetHandleVerifier [0x0x7ff6a2e33c48+4158232]
	BaseThreadInitThunk [0x0x7ff8341ce8d7+23]
	RtlUserThreadStart [0x0x7ff83567c34c+44]

2025_06_13 13_41_30 : No search results - 122-62-3
2025_06_13 13_41_30 : Error processing 122-62-3: Message: invalid session id
Stacktrace:
	GetHandleVerifier [0x0x7ff6a2a4fe75+79173]
	GetHandleVerifier [0x0x7ff6a2a4fed0+79264]
	(No symbol) [0x0x7ff6a2809c8c]
	(No symbol) [0x0x7ff6a28505ef]
	(No symbol) [0x0x7ff6a2888832]
	(No symbol) [0x0x7ff6a2883233]
	(No symbol) [0x0x7ff6a28822f9]
	(No symbol) [0x0x7ff6a27d5fc5]
	GetHandleVerifier [0x0x7ff6a2d1a2ad+3004797]
	GetHandleVerifier [0x0x7ff6a2d146fd+2981325]
	GetHandleVerifier [0x0x7ff6a2d33350+3107360]
	GetHandleVerifier [0x0x7ff6a2a6a9fe+188622]
	GetHandleVerifier [0x0x7ff6a2a7228f+219487]
	(No symbol) [0x0x7ff6a27d5036]
	GetHandleVerifier [0x0x7ff6a2e33c48+4158232]
	BaseThreadInitThunk [0x0x7ff8341ce8d7+23]
	RtlUserThreadStart [0x0x7ff83567c34c+44]

2025_06_13 13_41_30 : No search results - 105-76
2025_06_13 13_41_30 : Error processing 105-76: Message: invalid session id
Stacktrace:
	GetHandleVerifier [0x0x7ff6a2a4fe75+79173]
	GetHandleVerifier [0x0x7ff6a2a4fed0+79264]
	(No symbol) [0x0x7ff6a2809c8c]
	(No symbol) [0x0x7ff6a28505ef]
	(No symbol) [0x0x7ff6a2888832]
	(No symbol) [0x0x7ff6a2883233]
	(No symbol) [0x0x7ff6a28822f9]
	(No symbol) [0x0x7ff6a27d5fc5]
	GetHandleVerifier [0x0x7ff6a2d1a2ad+3004797]
	GetHandleVerifier [0x0x7ff6a2d146fd+2981325]
	GetHandleVerifier [0x0x7ff6a2d33350+3107360]
	GetHandleVerifier [0x0x7ff6a2a6a9fe+188622]
	GetHandleVerifier [0x0x7ff6a2a7228f+219487]
	(No symbol) [0x0x7ff6a27d5036]
	GetHandleVerifier [0x0x7ff6a2e33c48+4158232]
	BaseThreadInitThunk [0x0x7ff8341ce8d7+23]
	RtlUserThreadStart [0x0x7ff83567c34c+44]

2025_06_13 13_41_30 : No search results - 142-16-5
2025_06_13 13_41_30 : Error processing 142-16-5: Message: invalid session id
Stacktrace:
	GetHandleVerifier [0x0x7ff6a2a4fe75+79173]
	GetHandleVerifier [0x0x7ff6a2a4fed0+79264]
	(No symbol) [0x0x7ff6a2809c8c]
	(No symbol) [0x0x7ff6a28505ef]
	(No symbol) [0x0x7ff6a2888832]
	(No symbol) [0x0x7ff6a2883233]
	(No symbol) [0x0x7ff6a28822f9]
	(No symbol) [0x0x7ff6a27d5fc5]
	GetHandleVerifier [0x0x7ff6a2d1a2ad+3004797]
	GetHandleVerifier [0x0x7ff6a2d146fd+2981325]
	GetHandleVerifier [0x0x7ff6a2d33350+3107360]
	GetHandleVerifier [0x0x7ff6a2a6a9fe+188622]
	GetHandleVerifier [0x0x7ff6a2a7228f+219487]
	(No symbol) [0x0x7ff6a27d5036]
	GetHandleVerifier [0x0x7ff6a2e33c48+4158232]
	BaseThreadInitThunk [0x0x7ff8341ce8d7+23]
	RtlUserThreadStart [0x0x7ff83567c34c+44]

2025_06_13 13_41_30 : No search results - 105-75-9
2025_06_13 13_41_30 : Error processing 105-75-9: Message: invalid session id
Stacktrace:
	GetHandleVerifier [0x0x7ff6a2a4fe75+79173]
	GetHandleVerifier [0x0x7ff6a2a4fed0+79264]
	(No symbol) [0x0x7ff6a2809c8c]
	(No symbol) [0x0x7ff6a28505ef]
	(No symbol) [0x0x7ff6a2888832]
	(No symbol) [0x0x7ff6a2883233]
	(No symbol) [0x0x7ff6a28822f9]
	(No symbol) [0x0x7ff6a27d5fc5]
	GetHandleVerifier [0x0x7ff6a2d1a2ad+3004797]
	GetHandleVerifier [0x0x7ff6a2d146fd+2981325]
	GetHandleVerifier [0x0x7ff6a2d33350+3107360]
	GetHandleVerifier [0x0x7ff6a2a6a9fe+188622]
	GetHandleVerifier [0x0x7ff6a2a7228f+219487]
	(No symbol) [0x0x7ff6a27d5036]
	GetHandleVerifier [0x0x7ff6a2e33c48+4158232]
	BaseThreadInitThunk [0x0x7ff8341ce8d7+23]
	RtlUserThreadStart [0x0x7ff83567c34c+44]

2025_06_13 13_41_30 : No search results - 1330-78-5
2025_06_13 13_41_30 : Error processing 1330-78-5: Message: invalid session id
Stacktrace:
	GetHandleVerifier [0x0x7ff6a2a4fe75+79173]
	GetHandleVerifier [0x0x7ff6a2a4fed0+79264]
	(No symbol) [0x0x7ff6a2809c8c]
	(No symbol) [0x0x7ff6a28505ef]
	(No symbol) [0x0x7ff6a2888832]
	(No symbol) [0x0x7ff6a2883233]
	(No symbol) [0x0x7ff6a28822f9]
	(No symbol) [0x0x7ff6a27d5fc5]
	GetHandleVerifier [0x0x7ff6a2d1a2ad+3004797]
	GetHandleVerifier [0x0x7ff6a2d146fd+2981325]
	GetHandleVerifier [0x0x7ff6a2d33350+3107360]
	GetHandleVerifier [0x0x7ff6a2a6a9fe+188622]
	GetHandleVerifier [0x0x7ff6a2a7228f+219487]
	(No symbol) [0x0x7ff6a27d5036]
	GetHandleVerifier [0x0x7ff6a2e33c48+4158232]
	BaseThreadInitThunk [0x0x7ff8341ce8d7+23]
	RtlUserThreadStart [0x0x7ff83567c34c+44]

2025_06_13 13_41_30 : No search results - 78-40-0
2025_06_13 13_41_31 : Error processing 78-40-0: Message: invalid session id
Stacktrace:
	GetHandleVerifier [0x0x7ff6a2a4fe75+79173]
	GetHandleVerifier [0x0x7ff6a2a4fed0+79264]
	(No symbol) [0x0x7ff6a2809c8c]
	(No symbol) [0x0x7ff6a28505ef]
	(No symbol) [0x0x7ff6a2888832]
	(No symbol) [0x0x7ff6a2883233]
	(No symbol) [0x0x7ff6a28822f9]
	(No symbol) [0x0x7ff6a27d5fc5]
	GetHandleVerifier [0x0x7ff6a2d1a2ad+3004797]
	GetHandleVerifier [0x0x7ff6a2d146fd+2981325]
	GetHandleVerifier [0x0x7ff6a2d33350+3107360]
	GetHandleVerifier [0x0x7ff6a2a6a9fe+188622]
	GetHandleVerifier [0x0x7ff6a2a7228f+219487]
	(No symbol) [0x0x7ff6a27d5036]
	GetHandleVerifier [0x0x7ff6a2e33c48+4158232]
	BaseThreadInitThunk [0x0x7ff8341ce8d7+23]
	RtlUserThreadStart [0x0x7ff83567c34c+44]

2025_06_13 13_41_31 : No search results - 126-73-8
2025_06_13 13_41_31 : Error processing 126-73-8: Message: invalid session id
Stacktrace:
	GetHandleVerifier [0x0x7ff6a2a4fe75+79173]
	GetHandleVerifier [0x0x7ff6a2a4fed0+79264]
	(No symbol) [0x0x7ff6a2809c8c]
	(No symbol) [0x0x7ff6a28505ef]
	(No symbol) [0x0x7ff6a2888832]
	(No symbol) [0x0x7ff6a2883233]
	(No symbol) [0x0x7ff6a28822f9]
	(No symbol) [0x0x7ff6a27d5fc5]
	GetHandleVerifier [0x0x7ff6a2d1a2ad+3004797]
	GetHandleVerifier [0x0x7ff6a2d146fd+2981325]
	GetHandleVerifier [0x0x7ff6a2d33350+3107360]
	GetHandleVerifier [0x0x7ff6a2a6a9fe+188622]
	GetHandleVerifier [0x0x7ff6a2a7228f+219487]
	(No symbol) [0x0x7ff6a27d5036]
	GetHandleVerifier [0x0x7ff6a2e33c48+4158232]
	BaseThreadInitThunk [0x0x7ff8341ce8d7+23]
	RtlUserThreadStart [0x0x7ff83567c34c+44]

2025_06_13 13_41_31 : No search results - 78-42-2
2025_06_13 13_41_31 : Error processing 78-42-2 : Message: invalid session id
Stacktrace:
	GetHandleVerifier [0x0x7ff6a2a4fe75+79173]
	GetHandleVerifier [0x0x7ff6a2a4fed0+79264]
	(No symbol) [0x0x7ff6a2809c8c]
	(No symbol) [0x0x7ff6a28505ef]
	(No symbol) [0x0x7ff6a2888832]
	(No symbol) [0x0x7ff6a2883233]
	(No symbol) [0x0x7ff6a28822f9]
	(No symbol) [0x0x7ff6a27d5fc5]
	GetHandleVerifier [0x0x7ff6a2d1a2ad+3004797]
	GetHandleVerifier [0x0x7ff6a2d146fd+2981325]
	GetHandleVerifier [0x0x7ff6a2d33350+3107360]
	GetHandleVerifier [0x0x7ff6a2a6a9fe+188622]
	GetHandleVerifier [0x0x7ff6a2a7228f+219487]
	(No symbol) [0x0x7ff6a27d5036]
	GetHandleVerifier [0x0x7ff6a2e33c48+4158232]
	BaseThreadInitThunk [0x0x7ff8341ce8d7+23]
	RtlUserThreadStart [0x0x7ff83567c34c+44]

2025_06_13 13_41_31 : No search results - 78-51-3
2025_06_13 13_41_31 : Error processing 78-51-3: Message: invalid session id
Stacktrace:
	GetHandleVerifier [0x0x7ff6a2a4fe75+79173]
	GetHandleVerifier [0x0x7ff6a2a4fed0+79264]
	(No symbol) [0x0x7ff6a2809c8c]
	(No symbol) [0x0x7ff6a28505ef]
	(No symbol) [0x0x7ff6a2888832]
	(No symbol) [0x0x7ff6a2883233]
	(No symbol) [0x0x7ff6a28822f9]
	(No symbol) [0x0x7ff6a27d5fc5]
	GetHandleVerifier [0x0x7ff6a2d1a2ad+3004797]
	GetHandleVerifier [0x0x7ff6a2d146fd+2981325]
	GetHandleVerifier [0x0x7ff6a2d33350+3107360]
	GetHandleVerifier [0x0x7ff6a2a6a9fe+188622]
	GetHandleVerifier [0x0x7ff6a2a7228f+219487]
	(No symbol) [0x0x7ff6a27d5036]
	GetHandleVerifier [0x0x7ff6a2e33c48+4158232]
	BaseThreadInitThunk [0x0x7ff8341ce8d7+23]
	RtlUserThreadStart [0x0x7ff83567c34c+44]

2025_06_13 13_41_31 : No search results - 115-86-6
2025_06_13 13_41_31 : Error processing 115-86-6: Message: invalid session id
Stacktrace:
	GetHandleVerifier [0x0x7ff6a2a4fe75+79173]
	GetHandleVerifier [0x0x7ff6a2a4fed0+79264]
	(No symbol) [0x0x7ff6a2809c8c]
	(No symbol) [0x0x7ff6a28505ef]
	(No symbol) [0x0x7ff6a2888832]
	(No symbol) [0x0x7ff6a2883233]
	(No symbol) [0x0x7ff6a28822f9]
	(No symbol) [0x0x7ff6a27d5fc5]
	GetHandleVerifier [0x0x7ff6a2d1a2ad+3004797]
	GetHandleVerifier [0x0x7ff6a2d146fd+2981325]
	GetHandleVerifier [0x0x7ff6a2d33350+3107360]
	GetHandleVerifier [0x0x7ff6a2a6a9fe+188622]
	GetHandleVerifier [0x0x7ff6a2a7228f+219487]
	(No symbol) [0x0x7ff6a27d5036]
	GetHandleVerifier [0x0x7ff6a2e33c48+4158232]
	BaseThreadInitThunk [0x0x7ff8341ce8d7+23]
	RtlUserThreadStart [0x0x7ff83567c34c+44]

2025_06_13 13_41_31 : No search results - 26444-49-5
2025_06_13 13_41_31 : Error processing 26444-49-5: Message: invalid session id
Stacktrace:
	GetHandleVerifier [0x0x7ff6a2a4fe75+79173]
	GetHandleVerifier [0x0x7ff6a2a4fed0+79264]
	(No symbol) [0x0x7ff6a2809c8c]
	(No symbol) [0x0x7ff6a28505ef]
	(No symbol) [0x0x7ff6a2888832]
	(No symbol) [0x0x7ff6a2883233]
	(No symbol) [0x0x7ff6a28822f9]
	(No symbol) [0x0x7ff6a27d5fc5]
	GetHandleVerifier [0x0x7ff6a2d1a2ad+3004797]
	GetHandleVerifier [0x0x7ff6a2d146fd+2981325]
	GetHandleVerifier [0x0x7ff6a2d33350+3107360]
	GetHandleVerifier [0x0x7ff6a2a6a9fe+188622]
	GetHandleVerifier [0x0x7ff6a2a7228f+219487]
	(No symbol) [0x0x7ff6a27d5036]
	GetHandleVerifier [0x0x7ff6a2e33c48+4158232]
	BaseThreadInitThunk [0x0x7ff8341ce8d7+23]
	RtlUserThreadStart [0x0x7ff83567c34c+44]

2025_06_13 13_41_31 : No search results - 77-89-4
2025_06_13 13_41_31 : Error processing 77-89-4: Message: invalid session id
Stacktrace:
	GetHandleVerifier [0x0x7ff6a2a4fe75+79173]
	GetHandleVerifier [0x0x7ff6a2a4fed0+79264]
	(No symbol) [0x0x7ff6a2809c8c]
	(No symbol) [0x0x7ff6a28505ef]
	(No symbol) [0x0x7ff6a2888832]
	(No symbol) [0x0x7ff6a2883233]
	(No symbol) [0x0x7ff6a28822f9]
	(No symbol) [0x0x7ff6a27d5fc5]
	GetHandleVerifier [0x0x7ff6a2d1a2ad+3004797]
	GetHandleVerifier [0x0x7ff6a2d146fd+2981325]
	GetHandleVerifier [0x0x7ff6a2d33350+3107360]
	GetHandleVerifier [0x0x7ff6a2a6a9fe+188622]
	GetHandleVerifier [0x0x7ff6a2a7228f+219487]
	(No symbol) [0x0x7ff6a27d5036]
	GetHandleVerifier [0x0x7ff6a2e33c48+4158232]
	BaseThreadInitThunk [0x0x7ff8341ce8d7+23]
	RtlUserThreadStart [0x0x7ff83567c34c+44]

2025_06_13 13_41_31 : No search results - 77-90-7
2025_06_13 13_41_31 : Error processing 77-90-7: Message: invalid session id
Stacktrace:
	GetHandleVerifier [0x0x7ff6a2a4fe75+79173]
	GetHandleVerifier [0x0x7ff6a2a4fed0+79264]
	(No symbol) [0x0x7ff6a2809c8c]
	(No symbol) [0x0x7ff6a28505ef]
	(No symbol) [0x0x7ff6a2888832]
	(No symbol) [0x0x7ff6a2883233]
	(No symbol) [0x0x7ff6a28822f9]
	(No symbol) [0x0x7ff6a27d5fc5]
	GetHandleVerifier [0x0x7ff6a2d1a2ad+3004797]
	GetHandleVerifier [0x0x7ff6a2d146fd+2981325]
	GetHandleVerifier [0x0x7ff6a2d33350+3107360]
	GetHandleVerifier [0x0x7ff6a2a6a9fe+188622]
	GetHandleVerifier [0x0x7ff6a2a7228f+219487]
	(No symbol) [0x0x7ff6a27d5036]
	GetHandleVerifier [0x0x7ff6a2e33c48+4158232]
	BaseThreadInitThunk [0x0x7ff8341ce8d7+23]
	RtlUserThreadStart [0x0x7ff83567c34c+44]

2025_06_13 17_11_09 : 検索結果がありません - 131-11-3
2025_06_13 17_21_38 : 検索タイムアウト - 131-11-3
2025_06_13 17_21_52 : 検索タイムアウト - 84-66-2
2025_06_13 17_22_06 : 検索タイムアウト - 84-74-2
2025_06_13 17_22_21 : 検索タイムアウト - 117-81-7
2025_06_13 17_22_35 : 検索タイムアウト - 28553-12-0
2025_06_13 17_22_52 : 検索タイムアウト - 26761-40-0
2025_06_13 17_23_06 : 検索タイムアウト - 85507-79-5
2025_06_13 17_23_20 : 検索タイムアウト - 27253-26-5
2025_06_13 17_23_34 : 検索タイムアウト - 85-68-7
2025_06_13 17_23_48 : 検索タイムアウト - 84-61-7
2025_06_13 17_24_02 : 検索タイムアウト - 137-89-3
2025_06_13 17_24_16 : 検索タイムアウト - 6422-86-2
2025_06_13 17_24_31 : 検索タイムアウト - 103-23-1
2025_06_13 17_24_45 : 検索タイムアウト - 33703-08-01
2025_06_13 17_24_59 : 検索タイムアウト - 27178-16-1
2025_06_13 17_25_13 : 検索タイムアウト - 103-23-1
2025_06_13 17_25_27 : 検索タイムアウト - 141-17-3
2025_06_13 17_25_42 : 検索タイムアウト - 141-18-4
2025_06_13 17_25_56 : 検索タイムアウト - 103-24-2
2025_06_13 17_26_10 : 検索タイムアウト - 109-43-3
2025_06_13 17_26_24 : 検索タイムアウト - 122-62-3
2025_06_13 17_26_38 : 検索タイムアウト - 105-76
2025_06_13 17_26_52 : 検索タイムアウト - 142-16-5
2025_06_13 17_27_06 : 検索タイムアウト - 105-75-9
2025_06_13 17_27_19 : 検索タイムアウト - 1330-78-5
2025_06_13 17_27_34 : 検索タイムアウト - 78-40-0
2025_06_13 17_27_47 : 検索タイムアウト - 126-73-8
2025_06_13 17_28_01 : 検索タイムアウト - 78-42-2
2025_06_13 17_28_16 : 検索タイムアウト - 78-51-3
2025_06_13 17_28_30 : 検索タイムアウト - 115-86-6
2025_06_13 17_28_44 : 検索タイムアウト - 26444-49-5
2025_06_13 17_28_58 : 検索タイムアウト - 77-89-4
2025_06_13 17_29_32 : 検索タイムアウト - 77-90-7
2025_06_13 17_30_06 : 検索タイムアウト - 131-11-3
2025_06_13 17_30_20 : 検索タイムアウト - 84-66-2
2025_06_13 17_30_34 : 検索タイムアウト - 84-74-2
2025_06_13 17_30_48 : 検索タイムアウト - 117-81-7
2025_06_13 17_31_02 : 検索タイムアウト - 28553-12-0
2025_06_13 17_31_16 : 検索タイムアウト - 26761-40-0
2025_06_13 17_32_33 : 検索タイムアウト - 131-11-3
2025_06_13 17_32_47 : 検索タイムアウト - 84-66-2
2025_06_13 17_33_01 : 検索タイムアウト - 84-74-2
2025_06_13 17_33_15 : 検索タイムアウト - 117-81-7
2025_06_13 17_33_29 : 検索タイムアウト - 28553-12-0
2025_06_13 17_33_43 : 検索タイムアウト - 26761-40-0
2025_06_13 17_33_57 : 検索タイムアウト - 85507-79-5
2025_06_13 17_34_11 : 検索タイムアウト - 27253-26-5
2025_06_13 17_34_25 : 検索タイムアウト - 85-68-7
2025_06_13 17_34_39 : 検索タイムアウト - 84-61-7
2025_06_13 17_34_53 : 検索タイムアウト - 137-89-3
2025_06_13 17_35_07 : 検索タイムアウト - 6422-86-2
2025_06_13 17_35_22 : 検索タイムアウト - 103-23-1
2025_06_13 17_35_36 : 検索タイムアウト - 33703-08-01
2025_06_13 17_35_50 : 検索タイムアウト - 27178-16-1
2025_06_13 17_36_04 : 検索タイムアウト - 103-23-1
2025_06_13 17_36_27 : 検索タイムアウト - 141-17-3
2025_06_13 17_37_01 : 検索タイムアウト - 141-18-4
2025_06_13 17_37_15 : 検索タイムアウト - 103-24-2
2025_06_13 17_37_30 : 検索タイムアウト - 109-43-3
2025_06_13 17_37_44 : 検索タイムアウト - 122-62-3
2025_06_13 17_37_58 : 検索タイムアウト - 105-76
2025_06_13 17_38_12 : 検索タイムアウト - 142-16-5
2025_06_13 17_38_27 : 検索タイムアウト - 105-75-9
2025_06_13 17_38_41 : 検索タイムアウト - 1330-78-5
2025_06_13 17_38_55 : 検索タイムアウト - 78-40-0
2025_06_13 17_39_09 : 検索タイムアウト - 126-73-8
2025_06_13 17_39_43 : 検索タイムアウト - 78-42-2
2025_06_13 17_39_57 : 検索タイムアウト - 78-51-3
2025_06_13 17_40_12 : 検索タイムアウト - 115-86-6
2025_06_13 17_40_26 : 検索タイムアウト - 26444-49-5
2025_06_13 17_40_40 : 検索タイムアウト - 77-89-4
2025_06_13 17_41_14 : 検索タイムアウト - 77-90-7
2025_06_13 18_36_39 : Search timeout - 131-11-3
2025_06_13 18_36_53 : Search timeout - 84-66-2
2025_06_13 18_37_07 : Search timeout - 84-74-2
2025_06_13 18_37_21 : Search timeout - 117-81-7
2025_06_13 18_37_34 : Search timeout - 28553-12-0
2025_06_13 18_37_48 : Search timeout - 26761-40-0
2025_06_13 18_38_02 : Search timeout - 85507-79-5
2025_06_13 18_38_17 : Search timeout - 27253-26-5
2025_06_13 18_38_31 : Search timeout - 85-68-7
2025_06_13 18_38_45 : Search timeout - 84-61-7
2025_06_13 18_38_59 : Search timeout - 137-89-3
2025_06_13 18_39_13 : Search timeout - 6422-86-2
2025_06_13 18_39_27 : Search timeout - 103-23-1
2025_06_13 18_39_41 : Search timeout - 33703-08-01
2025_06_13 18_39_55 : Search timeout - 27178-16-1
2025_06_13 18_40_10 : Search timeout - 103-23-1
2025_06_13 18_40_24 : Search timeout - 141-17-3
2025_06_13 18_40_39 : Search timeout - 141-18-4
2025_06_13 18_40_53 : Search timeout - 103-24-2
2025_06_13 18_41_07 : Search timeout - 109-43-3
2025_06_13 18_41_21 : Search timeout - 122-62-3
2025_06_13 18_41_35 : Search timeout - 105-76
2025_06_13 18_41_49 : Search timeout - 142-16-5
2025_06_13 18_42_03 : Search timeout - 105-75-9
2025_06_13 18_42_17 : Search timeout - 1330-78-5
2025_06_13 18_42_31 : Search timeout - 78-40-0
2025_06_13 18_42_45 : Search timeout - 126-73-8
2025_06_13 18_42_59 : Search timeout - 78-42-2
2025_06_13 18_43_13 : Search timeout - 78-51-3
2025_06_13 18_43_27 : Search timeout - 115-86-6
2025_06_13 18_44_01 : Search timeout - 26444-49-5
2025_06_13 18_44_15 : Search timeout - 77-89-4
2025_06_13 18_44_29 : Search timeout - 77-90-7
