2025_06_18 10_30_02 : Search timeout - 131-11-3
2025_06_18 10_30_15 : Search timeout - 84-66-2
2025_06_18 10_30_29 : Search timeout - 84-74-2
2025_06_18 10_30_43 : Search timeout - 117-81-7
2025_06_18 10_30_56 : Search timeout - 28553-12-0
2025_06_18 10_31_10 : Search timeout - 26761-40-0
2025_06_18 10_31_24 : Search timeout - 85507-79-5
2025_06_18 10_31_37 : Search timeout - 27253-26-5
2025_06_18 10_31_51 : Search timeout - 85-68-7
2025_06_18 10_32_05 : Search timeout - 84-61-7
2025_06_18 10_32_19 : Search timeout - 137-89-3
2025_06_18 10_32_32 : Search timeout - 6422-86-2
2025_06_18 10_32_46 : Search timeout - 103-23-1
2025_06_18 10_33_00 : Search timeout - 33703-08-01
2025_06_18 10_33_14 : Search timeout - 27178-16-1
2025_06_18 10_33_28 : Search timeout - 103-23-1
2025_06_18 10_33_41 : Search timeout - 141-17-3
2025_06_18 10_33_55 : Search timeout - 141-18-4
2025_06_18 10_34_09 : Search timeout - 103-24-2
2025_06_18 10_34_23 : Search timeout - 109-43-3
2025_06_18 10_34_36 : Search timeout - 122-62-3
2025_06_18 10_35_03 : Search timeout - 131-11-3
2025_06_18 10_35_16 : Search timeout - 84-66-2
2025_06_18 10_35_30 : Search timeout - 84-74-2
2025_06_18 10_35_44 : Search timeout - 117-81-7
2025_06_18 10_35_57 : Search timeout - 28553-12-0
2025_06_18 10_36_11 : Search timeout - 26761-40-0
2025_06_18 10_36_24 : Search timeout - 85507-79-5
2025_06_18 10_36_38 : Search timeout - 27253-26-5
2025_06_18 10_36_52 : Search timeout - 85-68-7
2025_06_18 10_37_05 : Search timeout - 84-61-7
2025_06_18 10_37_19 : Search timeout - 137-89-3
2025_06_18 10_37_33 : Search timeout - 6422-86-2
2025_06_18 10_37_47 : Search timeout - 103-23-1
2025_06_18 10_38_00 : Search timeout - 33703-08-01
2025_06_18 10_38_14 : Search timeout - 27178-16-1
2025_06_18 10_38_28 : Search timeout - 103-23-1
2025_06_18 10_38_42 : Search timeout - 141-17-3
2025_06_18 10_38_55 : Search timeout - 141-18-4
2025_06_18 10_39_09 : Search timeout - 103-24-2
2025_06_18 10_39_25 : Search timeout - 109-43-3
2025_06_18 10_39_39 : Search timeout - 122-62-3
2025_06_18 10_39_52 : Search timeout - 105-76
2025_06_18 10_40_06 : Search timeout - 142-16-5
2025_06_18 10_40_20 : Search timeout - 105-75-9
2025_06_18 10_40_34 : Search timeout - 1330-78-5
2025_06_18 10_40_47 : Search timeout - 78-40-0
2025_06_18 10_41_01 : Search timeout - 126-73-8
2025_06_18 10_41_15 : Search timeout - 78-42-2
2025_06_18 10_41_29 : Search timeout - 78-51-3
2025_06_18 10_41_42 : Search timeout - 115-86-6
2025_06_18 10_41_56 : Search timeout - 26444-49-5
2025_06_18 10_42_10 : Search timeout - 77-89-4
2025_06_18 10_42_23 : Search timeout - 77-90-7
2025_06_18 10_51_04 : 検索結果がありません - 131-11-3
2025_06_18 10_56_30 : 検索タイムアウト - 131-11-3
2025_06_18 10_56_44 : 検索タイムアウト - 84-66-2
2025_06_18 10_56_58 : 検索タイムアウト - 84-74-2
2025_06_18 10_57_11 : 検索タイムアウト - 117-81-7
2025_06_18 10_57_25 : 検索タイムアウト - 28553-12-0
2025_06_18 10_57_39 : 検索タイムアウト - 26761-40-0
2025_06_18 10_57_52 : 検索タイムアウト - 85507-79-5
2025_06_18 10_58_06 : 検索タイムアウト - 27253-26-5
2025_06_18 10_58_20 : 検索タイムアウト - 85-68-7
2025_06_18 10_58_34 : 検索タイムアウト - 84-61-7
2025_06_18 10_58_48 : 検索タイムアウト - 137-89-3
2025_06_18 10_59_02 : 検索タイムアウト - 6422-86-2
2025_06_18 10_59_15 : 検索タイムアウト - 103-23-1
2025_06_18 10_59_29 : 検索タイムアウト - 33703-08-01
2025_06_18 10_59_43 : 検索タイムアウト - 27178-16-1
2025_06_18 10_59_56 : 検索タイムアウト - 103-23-1
2025_06_18 11_00_10 : 検索タイムアウト - 141-17-3
2025_06_18 11_00_24 : 検索タイムアウト - 141-18-4
2025_06_18 11_00_38 : 検索タイムアウト - 103-24-2
2025_06_18 11_00_52 : 検索タイムアウト - 109-43-3
2025_06_18 11_01_06 : 検索タイムアウト - 122-62-3
2025_06_18 11_01_19 : 検索タイムアウト - 105-76
2025_06_18 11_01_33 : 検索タイムアウト - 142-16-5
2025_06_18 11_01_47 : 検索タイムアウト - 105-75-9
2025_06_18 11_02_01 : 検索タイムアウト - 1330-78-5
2025_06_18 11_02_15 : 検索タイムアウト - 78-40-0
2025_06_18 11_02_29 : 検索タイムアウト - 126-73-8
2025_06_18 11_02_43 : 検索タイムアウト - 78-42-2
2025_06_18 11_02_57 : 検索タイムアウト - 78-51-3
2025_06_18 11_03_10 : 検索タイムアウト - 115-86-6
2025_06_18 11_04_03 : 検索タイムアウト - 131-11-3
2025_06_18 11_04_16 : 検索タイムアウト - 84-66-2
2025_06_18 11_04_29 : 検索タイムアウト - 84-74-2
2025_06_18 11_04_41 : 検索タイムアウト - 117-81-7
2025_06_18 11_04_54 : 検索タイムアウト - 28553-12-0
2025_06_18 11_05_07 : 検索タイムアウト - 26761-40-0
2025_06_18 11_05_19 : 検索タイムアウト - 85507-79-5
2025_06_18 11_05_32 : 検索タイムアウト - 27253-26-5
2025_06_18 11_05_45 : 検索タイムアウト - 85-68-7
2025_06_18 11_05_57 : 検索タイムアウト - 84-61-7
2025_06_18 11_06_10 : 検索タイムアウト - 137-89-3
2025_06_18 11_06_23 : 検索結果がありません - 6422-86-2
2025_06_18 11_06_23 : 検索結果がありません - 103-23-1
2025_06_18 11_06_23 : 検索結果がありません - 33703-08-01
2025_06_18 11_06_23 : 検索結果がありません - 27178-16-1
2025_06_18 11_06_23 : 検索結果がありません - 103-23-1
2025_06_18 11_06_23 : 検索結果がありません - 141-17-3
2025_06_18 11_06_23 : 検索結果がありません - 141-18-4
2025_06_18 11_06_23 : 検索結果がありません - 103-24-2
2025_06_18 11_06_23 : 検索結果がありません - 109-43-3
2025_06_18 11_06_23 : 検索結果がありません - 122-62-3
2025_06_18 11_06_23 : 検索結果がありません - 105-76
2025_06_18 11_06_23 : 検索結果がありません - 142-16-5
2025_06_18 11_06_23 : 検索結果がありません - 105-75-9
2025_06_18 11_06_23 : 検索結果がありません - 1330-78-5
2025_06_18 11_06_23 : 検索結果がありません - 78-40-0
2025_06_18 11_06_23 : 検索結果がありません - 126-73-8
2025_06_18 11_06_23 : 検索結果がありません - 78-42-2
2025_06_18 11_06_23 : 検索結果がありません - 78-51-3
2025_06_18 11_06_23 : 検索結果がありません - 115-86-6
2025_06_18 11_06_23 : 検索結果がありません - 26444-49-5
2025_06_18 11_06_23 : 検索結果がありません - 77-89-4
2025_06_18 11_06_23 : 検索結果がありません - 77-90-7
2025_06_18 11_15_53 : Search timeout - 131-11-3
2025_06_18 11_16_06 : Search timeout - 84-66-2
2025_06_18 11_16_19 : Search timeout - 84-74-2
2025_06_18 11_16_31 : Search timeout - 117-81-7
2025_06_18 11_16_44 : Search timeout - 28553-12-0
2025_06_18 11_16_57 : Search timeout - 26761-40-0
2025_06_18 11_17_52 : Search timeout - 131-11-3
2025_06_18 11_18_25 : Search timeout - 84-66-2
2025_06_18 11_18_57 : Search timeout - 84-74-2
2025_06_18 13_39_25 : Search timeout - 131-11-3
2025_06_18 13_39_37 : No search result - 84-66-2
2025_06_18 15_07_29 : Search timeout - 131-11-3
2025_06_18 15_08_02 : Search timeout - 84-66-2
2025_06_18 15_08_34 : Search timeout - 84-74-2
2025_06_18 15_09_07 : Search timeout - 117-81-7
2025_06_18 15_09_40 : Search timeout - 28553-12-0
2025_06_18 15_10_12 : Search timeout - 26761-40-0
2025_06_18 15_10_45 : Search timeout - 85507-79-5
2025_06_18 16_15_53 : 検索結果がありません - 131-11-3
2025_06_18 16_32_18 : No data links found - 131-11-3
2025_06_18 16_32_22 : No data links found - 84-66-2
2025_06_18 16_32_42 : No data links found - 28553-12-0
2025_06_18 16_32_46 : No data links found - 26761-40-0
2025_06_18 16_32_51 : No data links found - 85507-79-5
2025_06_18 16_32_56 : No data links found - 27253-26-5
2025_06_18 16_33_07 : No data links found - 84-61-7
2025_06_18 16_33_12 : No data links found - 137-89-3
2025_06_18 16_33_17 : No data links found - 6422-86-2
2025_06_18 16_33_29 : No data links found - 33703-08-01
2025_06_18 16_33_34 : No data links found - 27178-16-1
2025_06_18 16_33_45 : No data links found - 141-17-3
2025_06_18 16_33_50 : No data links found - 141-18-4
2025_06_18 16_33_54 : No data links found - 103-24-2
2025_06_18 16_33_59 : No data links found - 109-43-3
2025_06_18 16_34_04 : No data links found - 122-62-3
2025_06_18 16_34_08 : No data links found - 105-76
2025_06_18 16_34_20 : No data links found - 105-75-9
2025_06_18 16_34_31 : No data links found - 78-40-0
2025_06_18 16_34_43 : No data links found - 78-42-2 
2025_06_18 16_34_48 : No data links found - 78-51-3
2025_06_18 16_34_59 : No data links found - 26444-49-5
2025_06_18 16_35_03 : No data links found - 77-89-4
2025_06_18 16_35_08 : No data links found - 77-90-7
2025_06_18 16_37_53 : No data links found - 131-11-3
2025_06_18 16_37_57 : No data links found - 84-66-2
2025_06_18 16_38_16 : No data links found - 28553-12-0
2025_06_18 16_38_21 : No data links found - 26761-40-0
2025_06_18 16_38_24 : Process interrupted by user.
2025_06_18 17_23_13 : 検索結果がありません - 131-11-3
2025_06_18 17_23_37 : 検索結果がありません - 131-11-3
2025_06_18 17_30_07 : 検索結果がありません - 131-11-3
2025_06_18 17_31_36 : 検索結果がありません - 103-23-1
2025_06_18 17_35_52 : 検索結果がありません - 103-23-1
2025_06_18 17_36_10 : 検索結果がありません - 103-23-1
2025_06_18 17_37_05 : 検索結果がありません - 103-23-1
2025_06_18 17_52_31 : No data links found - 131-11-3
2025_06_18 17_52_36 : No data links found - 84-66-2
2025_06_18 17_52_43 : Process interrupted by user.
2025_06_18 17_54_14 : No data links found - 131-11-3
2025_06_18 17_54_19 : No data links found - 84-66-2
2025_06_18 17_54_23 : Process interrupted by user.
2025_06_18 18_14_53 : No data links found - 131-11-3
2025_06_18 18_14_58 : No data links found - 84-66-2
2025_06_18 18_15_02 : Process interrupted by user.
2025_06_18 18_42_24 : No data links found - 131-11-3
2025_06_18 18_42_28 : No data links found - 84-66-2
2025_06_18 18_42_48 : No data links found - 28553-12-0
2025_06_18 18_42_52 : No data links found - 26761-40-0
2025_06_18 18_42_57 : No data links found - 85507-79-5
2025_06_18 18_43_01 : No data links found - 27253-26-5
2025_06_18 18_43_11 : Process interrupted by user.
2025_06_18 18_56_00 : No data links found - 131-11-3
2025_06_18 18_56_05 : No data links found - 84-66-2
2025_06_18 18_56_24 : No data links found - 28553-12-0
2025_06_18 18_56_29 : No data links found - 26761-40-0
2025_06_18 18_56_33 : No data links found - 85507-79-5
2025_06_18 18_56_38 : No data links found - 27253-26-5
2025_06_18 18_56_49 : No data links found - 84-61-7
2025_06_18 18_56_54 : No data links found - 137-89-3
2025_06_18 18_56_58 : No data links found - 6422-86-2
2025_06_18 18_57_09 : No data links found - 33703-08-01
2025_06_18 18_57_14 : No data links found - 27178-16-1
2025_06_18 18_57_26 : No data links found - 141-17-3
2025_06_18 18_57_30 : No data links found - 141-18-4
2025_06_18 18_57_35 : No data links found - 103-24-2
2025_06_18 18_57_39 : No data links found - 109-43-3
2025_06_18 18_57_44 : No data links found - 122-62-3
2025_06_18 18_57_49 : No data links found - 105-76
2025_06_18 18_58_00 : No data links found - 105-75-9
2025_06_18 18_58_13 : No data links found - 78-40-0
2025_06_18 18_58_24 : No data links found - 78-42-2 
2025_06_18 18_58_28 : No data links found - 78-51-3
2025_06_18 18_58_40 : No data links found - 26444-49-5
2025_06_18 18_58_44 : No data links found - 77-89-4
2025_06_18 18_58_48 : No data links found - 77-90-7
2025_06_18 19_05_07 : No data links found - 131-11-3
2025_06_18 19_05_12 : No data links found - 84-66-2
2025_06_18 19_05_17 : Process interrupted by user.
2025_06_18 19_11_40 : No data links found - 131-11-3
2025_06_18 19_11_45 : No data links found - 84-66-2
2025_06_18 19_12_02 : No data links found - 28553-12-0
2025_06_18 19_12_07 : No data links found - 26761-40-0
2025_06_18 19_12_11 : No data links found - 85507-79-5
2025_06_18 19_12_16 : No data links found - 27253-26-5
2025_06_18 19_12_27 : No data links found - 84-61-7
2025_06_18 19_12_31 : No data links found - 137-89-3
2025_06_18 19_12_36 : No data links found - 6422-86-2
2025_06_18 19_12_47 : No data links found - 33703-08-01
2025_06_18 19_12_51 : No data links found - 27178-16-1
2025_06_18 19_13_02 : No data links found - 141-17-3
2025_06_18 19_13_07 : No data links found - 141-18-4
2025_06_18 19_13_12 : No data links found - 103-24-2
2025_06_18 19_13_16 : No data links found - 109-43-3
2025_06_18 19_13_21 : No data links found - 122-62-3
2025_06_18 19_13_25 : No data links found - 105-76
2025_06_18 19_13_36 : No data links found - 105-75-9
2025_06_18 19_13_47 : No data links found - 78-40-0
2025_06_18 19_13_59 : No data links found - 78-42-2 
2025_06_18 19_14_03 : No data links found - 78-51-3
2025_06_18 19_14_14 : No data links found - 26444-49-5
2025_06_18 19_14_19 : No data links found - 77-89-4
2025_06_18 19_14_24 : No data links found - 77-90-7
