2026_10_03 11_21_54 : × No file - 131-11-3
2026_10_03 11_22_02 : × No file - 84-66-2
2026_10_03 11_30_33 : × No file - 131-11-3
2026_10_03 11_30_40 : × No file - 84-66-2
2026_10_03 11_36_12 : × No file - 131-11-3
2026_10_03 11_36_19 : × No file - 84-66-2
2026_10_03 11_40_12 : × No file - 131-11-3
2026_10_03 11_40_19 : × No file - 84-66-2
2026_10_03 11_40_52 : × Exception during PDF download - 84-74-2: C:\Users\srish\Desktop\Japan\internship\New folder\chem1-2\pdf\270riskdoc.pdf, HTTPConnectionPool(host='www.safe.nite.go.jp', port=80): Max retries exceeded with url: /risk/files/pdf_hyoukasyo/270riskdoc.pdf (Caused by ConnectTimeoutError(<HTTPConnection(host='www.safe.nite.go.jp', port=80) at 0x204eb1f0910>, 'Connection to www.safe.nite.go.jp timed out. (connect timeout=None)'))
2026_10_03 11_40_53 : × File download failed - 84-74-2: C:\Users\srish\Desktop\Japan\internship\New folder\chem1-2\pdf\mat02-1_6.pdf, 404
2026_10_03 11_40_54 : × File download failed - 84-74-2: C:\Users\srish\Desktop\Japan\internship\New folder\chem1-2\pdf\mat03-2.pdf, 404
2026_10_03 11_41_16 : × Exception during PDF download - 84-74-2: C:\Users\srish\Desktop\Japan\internship\New folder\chem1-2\pdf\270riskdoc.pdf, HTTPConnectionPool(host='www.safe.nite.go.jp', port=80): Max retries exceeded with url: /risk/files/pdf_hyoukasyo/270riskdoc.pdf (Caused by ConnectTimeoutError(<HTTPConnection(host='www.safe.nite.go.jp', port=80) at 0x204eb28c5a0>, 'Connection to www.safe.nite.go.jp timed out. (connect timeout=None)'))
2026_10_03 11_41_47 : × Exception during PDF download - 117-81-7: C:\Users\srish\Desktop\Japan\internship\New folder\chem1-2\pdf\272riskdoc.pdf, HTTPConnectionPool(host='www.safe.nite.go.jp', port=80): Max retries exceeded with url: /risk/files/pdf_hyoukasyo/272riskdoc.pdf (Caused by ConnectTimeoutError(<HTTPConnection(host='www.safe.nite.go.jp', port=80) at 0x204eabd7ac0>, 'Connection to www.safe.nite.go.jp timed out. (connect timeout=None)'))
2026_10_03 11_41_50 : × File download failed - 117-81-7: C:\Users\srish\Desktop\Japan\internship\New folder\chem1-2\pdf\mat03-1.pdf, 404
2026_10_03 11_41_52 : × File download failed - 117-81-7: C:\Users\srish\Desktop\Japan\internship\New folder\chem1-2\pdf\ref02.pdf, 404
2026_10_03 11_41_53 : × File download failed - 117-81-7: C:\Users\srish\Desktop\Japan\internship\New folder\chem1-2\pdf\mat03-2.pdf, 404
2026_10_03 11_42_17 : × Exception during PDF download - 117-81-7: C:\Users\srish\Desktop\Japan\internship\New folder\chem1-2\pdf\272riskdoc.pdf, HTTPConnectionPool(host='www.safe.nite.go.jp', port=80): Max retries exceeded with url: /risk/files/pdf_hyoukasyo/272riskdoc.pdf (Caused by ConnectTimeoutError(<HTTPConnection(host='www.safe.nite.go.jp', port=80) at 0x204eabd79b0>, 'Connection to www.safe.nite.go.jp timed out. (connect timeout=None)'))
2026_10_03 11_42_27 : × No file - 28553-12-0
2026_10_03 11_42_35 : × No file - 26761-40-0
2026_10_03 11_42_42 : × No file - 85507-79-5
2026_10_03 11_42_50 : × No file - 27253-26-5
2026_10_03 11_43_21 : × Exception during PDF download - 85-68-7: C:\Users\srish\Desktop\Japan\internship\New folder\chem1-2\pdf\273riskdoc.pdf, HTTPConnectionPool(host='www.safe.nite.go.jp', port=80): Max retries exceeded with url: /risk/files/pdf_hyoukasyo/273riskdoc.pdf (Caused by ConnectTimeoutError(<HTTPConnection(host='www.safe.nite.go.jp', port=80) at 0x204eabd7bd0>, 'Connection to www.safe.nite.go.jp timed out. (connect timeout=None)'))
2026_10_03 11_43_22 : × File download failed - 85-68-7: C:\Users\srish\Desktop\Japan\internship\New folder\chem1-2\pdf\4th_sankoshiryo04.pdf, 403
2026_10_03 11_43_24 : × File download failed - 85-68-7: C:\Users\srish\Desktop\Japan\internship\New folder\chem1-2\pdf\mat02-1_6.pdf, 404
2026_10_03 11_43_25 : × File download failed - 85-68-7: C:\Users\srish\Desktop\Japan\internship\New folder\chem1-2\pdf\mat03-2.pdf, 404
2026_10_03 11_43_26 : × File download failed - 85-68-7: C:\Users\srish\Desktop\Japan\internship\New folder\chem1-2\pdf\mat02-2a.pdf, 404
2026_10_03 11_43_48 : × Exception during PDF download - 85-68-7: C:\Users\srish\Desktop\Japan\internship\New folder\chem1-2\pdf\273riskdoc.pdf, HTTPConnectionPool(host='www.safe.nite.go.jp', port=80): Max retries exceeded with url: /risk/files/pdf_hyoukasyo/273riskdoc.pdf (Caused by ConnectTimeoutError(<HTTPConnection(host='www.safe.nite.go.jp', port=80) at 0x204eabd7ce0>, 'Connection to www.safe.nite.go.jp timed out. (connect timeout=None)'))
2026_10_03 11_43_48 : × File download failed - 85-68-7: C:\Users\srish\Desktop\Japan\internship\New folder\chem1-2\pdf\g20515b09j_1004.pdf, 403
2026_10_03 11_43_55 : × No file - 84-61-7
2026_10_03 11_44_03 : × No file - 137-89-3
2026_10_03 11_44_10 : × No file - 6422-86-2
2026_10_03 11_44_20 : No PDF links found - 103-23-1
2026_10_03 11_44_28 : × No file - 33703-08-01
2026_10_03 11_44_35 : × No file - 27178-16-1
2026_10_03 11_44_45 : No PDF links found - 103-23-1
2026_10_03 11_44_52 : × No file - 141-17-3
2026_10_03 11_45_00 : × No file - 141-18-4
2026_10_03 11_45_08 : × No file - 103-24-2
2026_10_03 11_45_15 : × No file - 109-43-3
2026_10_03 11_45_23 : × No file - 122-62-3
2026_10_03 11_45_30 : × No file - 105-76
2026_10_03 11_45_40 : No PDF links found - 142-16-5
2026_10_03 11_45_48 : × No file - 105-75-9
2026_10_03 11_45_57 : No PDF links found - 1330-78-5
2026_10_03 11_46_05 : × No file - 78-40-0
2026_10_03 11_46_37 : × Exception during PDF download - 126-73-8: C:\Users\srish\Desktop\Japan\internship\New folder\chem1-2\pdf\354riskdoc.pdf, HTTPConnectionPool(host='www.safe.nite.go.jp', port=80): Max retries exceeded with url: /risk/files/pdf_hyoukasyo/354riskdoc.pdf (Caused by ConnectTimeoutError(<HTTPConnection(host='www.safe.nite.go.jp', port=80) at 0x204eb28c050>, 'Connection to www.safe.nite.go.jp timed out. (connect timeout=None)'))
2026_10_03 11_46_59 : × Exception during PDF download - 126-73-8: C:\Users\srish\Desktop\Japan\internship\New folder\chem1-2\pdf\354riskdoc.pdf, HTTPConnectionPool(host='www.safe.nite.go.jp', port=80): Max retries exceeded with url: /risk/files/pdf_hyoukasyo/354riskdoc.pdf (Caused by ConnectTimeoutError(<HTTPConnection(host='www.safe.nite.go.jp', port=80) at 0x204eb28ce20>, 'Connection to www.safe.nite.go.jp timed out. (connect timeout=None)'))
2026_10_03 11_47_00 : × File download failed - 126-73-8: C:\Users\srish\Desktop\Japan\internship\New folder\chem1-2\pdf\008.pdf, 404
2026_10_03 11_47_32 : × Exception during PDF download - 78-42-2: C:\Users\srish\Desktop\Japan\internship\New folder\chem1-2\pdf\No-207.pdf, HTTPConnectionPool(host='www.safe.nite.go.jp', port=80): Max retries exceeded with url: /japan/sougou/data/pdf/hazard/hyokasyo/No-207.pdf (Caused by ConnectTimeoutError(<HTTPConnection(host='www.safe.nite.go.jp', port=80) at 0x204eabd7ac0>, 'Connection to www.safe.nite.go.jp timed out. (connect timeout=None)'))
2026_10_03 11_47_54 : × Exception during PDF download - 78-42-2: C:\Users\srish\Desktop\Japan\internship\New folder\chem1-2\pdf\No-207.pdf, HTTPConnectionPool(host='www.safe.nite.go.jp', port=80): Max retries exceeded with url: /japan/sougou/data/pdf/hazard/hyokasyo/No-207.pdf (Caused by ConnectTimeoutError(<HTTPConnection(host='www.safe.nite.go.jp', port=80) at 0x204eabd7570>, 'Connection to www.safe.nite.go.jp timed out. (connect timeout=None)'))
2026_10_03 11_47_55 : × File download failed - 78-42-2: C:\Users\srish\Desktop\Japan\internship\New folder\chem1-2\pdf\plasticizer2.pdf, 404
2026_10_03 11_48_03 : × No file - 78-51-3
2026_10_03 11_48_16 : × File download failed - 115-86-6: C:\Users\srish\Desktop\Japan\internship\New folder\chem1-2\pdf\plasticizer2.pdf, 404
2026_10_03 11_48_23 : × No file - 26444-49-5
2026_10_03 11_48_31 : × No file - 77-89-4
2026_10_03 11_48_38 : × No file - 77-90-7
