2025-06-18 18:19:59 - No data links for 131-11-3
2025-06-18 18:20:04 - No data links for 84-66-2
2025-06-18 18:20:33 - Exception on http://www.safe.nite.go.jp/risk/files/pdf_hyoukasyo/270riskdoc.pdf: HTTPConnectionPool(host='www.safe.nite.go.jp', port=80): Max retries exceeded with url: /risk/files/pdf_hyoukasyo/270riskdoc.pdf (Caused by ConnectTimeoutError(<urllib3.connection.HTTPConnection object at 0x000001F55ADE0CA0>, 'Connection to www.safe.nite.go.jp timed out. (connect timeout=None)'))
2025-06-18 18:20:33 - Failed to download PDF http://www.env.go.jp/chemi/end/kento1602/mat/mat02-1_6.pdf (status 404)
2025-06-18 18:20:34 - Failed to download PDF http://www.env.go.jp/chemi/end/kento1402/mat/mat03-2.pdf (status 404)
2025-06-18 18:20:55 - Exception on http://www.safe.nite.go.jp/risk/files/pdf_hyoukasyo/270riskdoc.pdf: HTTPConnectionPool(host='www.safe.nite.go.jp', port=80): Max retries exceeded with url: /risk/files/pdf_hyoukasyo/270riskdoc.pdf (Caused by ConnectTimeoutError(<urllib3.connection.HTTPConnection object at 0x000001F55ADE1270>, 'Connection to www.safe.nite.go.jp timed out. (connect timeout=None)'))
2025-06-18 18:21:24 - Exception on http://www.safe.nite.go.jp/risk/files/pdf_hyoukasyo/272riskdoc.pdf: HTTPConnectionPool(host='www.safe.nite.go.jp', port=80): Max retries exceeded with url: /risk/files/pdf_hyoukasyo/272riskdoc.pdf (Caused by ConnectTimeoutError(<urllib3.connection.HTTPConnection object at 0x000001F55AD9E860>, 'Connection to www.safe.nite.go.jp timed out. (connect timeout=None)'))
2025-06-18 18:21:25 - Failed to download PDF http://www.env.go.jp/chemi/end/kento1402/mat/mat03-1.pdf (status 404)
2025-06-18 18:21:27 - Failed to download PDF http://www.env.go.jp/chemi/end/kento1202/ref02.pdf (status 404)
2025-06-18 18:21:27 - Failed to download PDF http://www.env.go.jp/chemi/end/kento1402/mat/mat03-2.pdf (status 404)
2025-06-18 18:21:50 - Exception on http://www.safe.nite.go.jp/risk/files/pdf_hyoukasyo/272riskdoc.pdf: HTTPConnectionPool(host='www.safe.nite.go.jp', port=80): Max retries exceeded with url: /risk/files/pdf_hyoukasyo/272riskdoc.pdf (Caused by ConnectTimeoutError(<urllib3.connection.HTTPConnection object at 0x000001F55AD9EF20>, 'Connection to www.safe.nite.go.jp timed out. (connect timeout=None)'))
2025-06-18 18:21:55 - No data links for 28553-12-0
2025-06-18 18:22:00 - No data links for 26761-40-0
2025-06-18 18:22:04 - No data links for 85507-79-5
2025-06-18 18:22:09 - No data links for 27253-26-5
2025-06-18 18:22:37 - Exception on http://www.safe.nite.go.jp/risk/files/pdf_hyoukasyo/273riskdoc.pdf: HTTPConnectionPool(host='www.safe.nite.go.jp', port=80): Max retries exceeded with url: /risk/files/pdf_hyoukasyo/273riskdoc.pdf (Caused by ConnectTimeoutError(<urllib3.connection.HTTPConnection object at 0x000001F55AD9CF40>, 'Connection to www.safe.nite.go.jp timed out. (connect timeout=None)'))
2025-06-18 18:26:09 - No data links for 131-11-3
2025-06-18 18:26:13 - No data links for 84-66-2
2025-06-18 18:26:42 - Exception on http://www.safe.nite.go.jp/risk/files/pdf_hyoukasyo/270riskdoc.pdf: HTTPConnectionPool(host='www.safe.nite.go.jp', port=80): Max retries exceeded with url: /risk/files/pdf_hyoukasyo/270riskdoc.pdf (Caused by ConnectTimeoutError(<urllib3.connection.HTTPConnection object at 0x000001BBD5D20CA0>, 'Connection to www.safe.nite.go.jp timed out. (connect timeout=None)'))
2025-06-18 18:26:43 - Failed to download PDF http://www.env.go.jp/chemi/end/kento1602/mat/mat02-1_6.pdf (status 404)
2025-06-18 18:26:43 - Failed to download PDF http://www.env.go.jp/chemi/end/kento1402/mat/mat03-2.pdf (status 404)
2025-06-18 18:27:04 - Exception on http://www.safe.nite.go.jp/risk/files/pdf_hyoukasyo/270riskdoc.pdf: HTTPConnectionPool(host='www.safe.nite.go.jp', port=80): Max retries exceeded with url: /risk/files/pdf_hyoukasyo/270riskdoc.pdf (Caused by ConnectTimeoutError(<urllib3.connection.HTTPConnection object at 0x000001BBD5D21270>, 'Connection to www.safe.nite.go.jp timed out. (connect timeout=None)'))
2025-06-18 18:27:33 - Exception on http://www.safe.nite.go.jp/risk/files/pdf_hyoukasyo/272riskdoc.pdf: HTTPConnectionPool(host='www.safe.nite.go.jp', port=80): Max retries exceeded with url: /risk/files/pdf_hyoukasyo/272riskdoc.pdf (Caused by ConnectTimeoutError(<urllib3.connection.HTTPConnection object at 0x000001BBD5CDF250>, 'Connection to www.safe.nite.go.jp timed out. (connect timeout=None)'))
2025-06-18 18:27:34 - Failed to download PDF http://www.env.go.jp/chemi/end/kento1402/mat/mat03-1.pdf (status 404)
2025-06-18 18:27:35 - Failed to download PDF http://www.env.go.jp/chemi/end/kento1202/ref02.pdf (status 404)
2025-06-18 18:27:36 - Failed to download PDF http://www.env.go.jp/chemi/end/kento1402/mat/mat03-2.pdf (status 404)
2025-06-18 18:27:58 - Exception on http://www.safe.nite.go.jp/risk/files/pdf_hyoukasyo/272riskdoc.pdf: HTTPConnectionPool(host='www.safe.nite.go.jp', port=80): Max retries exceeded with url: /risk/files/pdf_hyoukasyo/272riskdoc.pdf (Caused by ConnectTimeoutError(<urllib3.connection.HTTPConnection object at 0x000001BBD5CDEF20>, 'Connection to www.safe.nite.go.jp timed out. (connect timeout=None)'))
2025-06-18 18:28:04 - No data links for 28553-12-0
2025-06-18 18:28:09 - No data links for 26761-40-0
2025-06-18 18:28:14 - No data links for 85507-79-5
2025-06-18 18:28:18 - No data links for 27253-26-5
2025-06-18 18:28:47 - Exception on http://www.safe.nite.go.jp/risk/files/pdf_hyoukasyo/273riskdoc.pdf: HTTPConnectionPool(host='www.safe.nite.go.jp', port=80): Max retries exceeded with url: /risk/files/pdf_hyoukasyo/273riskdoc.pdf (Caused by ConnectTimeoutError(<urllib3.connection.HTTPConnection object at 0x000001BBD5CDCF40>, 'Connection to www.safe.nite.go.jp timed out. (connect timeout=None)'))
2025-06-18 18:33:29 - No data links for 131-11-3
2025-06-18 18:33:33 - No data links for 84-66-2
2025-06-18 18:34:02 - Exception on http://www.safe.nite.go.jp/risk/files/pdf_hyoukasyo/270riskdoc.pdf: HTTPConnectionPool(host='www.safe.nite.go.jp', port=80): Max retries exceeded with url: /risk/files/pdf_hyoukasyo/270riskdoc.pdf (Caused by ConnectTimeoutError(<urllib3.connection.HTTPConnection object at 0x000001ECEC4D0D30>, 'Connection to www.safe.nite.go.jp timed out. (connect timeout=None)'))
2025-06-18 18:34:03 - Failed to download PDF http://www.env.go.jp/chemi/end/kento1602/mat/mat02-1_6.pdf (status 404)
2025-06-18 18:34:03 - Failed to download PDF http://www.env.go.jp/chemi/end/kento1402/mat/mat03-2.pdf (status 404)
2025-06-18 18:34:25 - Exception on http://www.safe.nite.go.jp/risk/files/pdf_hyoukasyo/270riskdoc.pdf: HTTPConnectionPool(host='www.safe.nite.go.jp', port=80): Max retries exceeded with url: /risk/files/pdf_hyoukasyo/270riskdoc.pdf (Caused by ConnectTimeoutError(<urllib3.connection.HTTPConnection object at 0x000001ECEC4D1300>, 'Connection to www.safe.nite.go.jp timed out. (connect timeout=None)'))
